<html>
<body>
<pre>
<h1>µVision Build Log</h1>
<h2>Tool Versions:</h2>
IDE-Version: µVision V5.27.0.0
Copyright (C) 2018 ARM Ltd and ARM Germany GmbH. All rights reserved.
License Information: Pascal Krumme, Manaz Development GmbH, LIC=GN020-VWLMC-1CDNP-KPHZD-MI3FH-TZ58D
 
Tool Versions:
Toolchain:       MDK-ARM Essential  Version: 5.27.0.0
Toolchain Path:  C:\Keil_v5\ARM\ARMCC\Bin
C Compiler:      Armcc.exe V5.06 update 6 (build 750)
Assembler:       Armasm.exe V5.06 update 6 (build 750)
Linker/Locator:  ArmLink.exe V5.06 update 6 (build 750)
Library Manager: ArmAr.exe V5.06 update 6 (build 750)
Hex Converter:   FromElf.exe V5.06 update 6 (build 750)
CPU DLL:         SARMCM3.DLL V5.27.0.0
Dialog DLL:      DCM.DLL V1.17.2.0
Target DLL:      STLink\ST-LINKIII-KEIL_SWO.dll V3.0.5.0
Dialog DLL:      TCM.DLL V1.36.1.0
 
<h2>Project:</h2>
C:\Users\pkman\Documents\GitHub\e-Paper\STM32\STM32-WB55RG\MDK-ARM\STM32-WB55RG.uvprojx
Project File Date:  07/18/2019

<h2>Output:</h2>
*** Using Compiler 'V5.06 update 6 (build 750)', folder: 'C:\Keil_v5\ARM\ARMCC\Bin'
Build target 'STM32-WB55RG'
compiling EPD_1in54_V2_test.c...
compiling EPD_1in54c_test.c...
compiling EPD_2in7_test.c...
compiling EPD_2in9_test.c...
compiling EPD_2in13_test.c...
compiling EPD_1in54b_test.c...
compiling main.c...
compiling EPD_2in9bc_test.c...
compiling EPD_1in54_test.c...
compiling EPD_2in7b_test.c...
compiling EPD_2in9d_test.c...
compiling ImageData.c...
compiling EPD_4in2bc_test.c...
compiling EPD_4in2_test.c...
compiling EPD_2in13bc_test.c...
compiling EPD_2in13_V2_test.c...
compiling EPD_7in5bc_test.c...
compiling EPD_2in13d_test.c...
compiling EPD_5in83_test.c...
compiling EPD_7in5_test.c...
compiling EPD_5in83bc_test.c...
linking...
Program Size: Code=14440 RO-data=72284 RW-data=68 ZI-data=41228  
FromELF: creating hex file...
STM32-WB55RG\STM32-WB55RG.hex: Warning: Q9931W: Your license for feature Keil will expire in 14 days
Finished: 0 information, 1 warning and 0 error messages.
"STM32-WB55RG\STM32-WB55RG.axf" - 0 Error(s), 0 Warning(s).

<h2>Software Packages used:</h2>

Package Vendor: ARM
                http://www.keil.com/pack/ARM.CMSIS.5.4.0.pack
                ARM.CMSIS.5.4.0
                CMSIS (Cortex Microcontroller Software Interface Standard)
   * Component: CORE Version: 5.1.2

Package Vendor: Keil
                http://www.keil.com/pack/Keil.STM32WBxx_DFP.1.0.0.pack
                Keil.STM32WBxx_DFP.1.0.0
                STMicroelectronics STM32WB Series Device Support

<h2>Collection of Component include folders:</h2>
  .\RTE\_STM32-WB55RG
  C:\Keil_v5\ARM\PACK\ARM\CMSIS\5.4.0\CMSIS\Core\Include
  C:\Keil_v5\ARM\PACK\Keil\STM32WBxx_DFP\1.0.0\Drivers\CMSIS\Device\ST\STM32WBxx\Include

<h2>Collection of Component Files used:</h2>

   * Component: ARM::CMSIS:CORE:5.1.2
Build Time Elapsed:  00:00:54
</pre>
</body>
</html>
