Component: ARM Compiler 5.06 update 6 (build 750) Tool: armlink [4d35ed]

==============================================================================

Section Cross References

    startup_stm32wb55xx_cm4.o(RESET) refers to startup_stm32wb55xx_cm4.o(STACK) for __initial_sp
    startup_stm32wb55xx_cm4.o(RESET) refers to startup_stm32wb55xx_cm4.o(.text) for Reset_Handler
    startup_stm32wb55xx_cm4.o(RESET) refers to stm32wbxx_it.o(i.NMI_Handler) for NMI_Handler
    startup_stm32wb55xx_cm4.o(RESET) refers to stm32wbxx_it.o(i.HardFault_Handler) for HardFault_Handler
    startup_stm32wb55xx_cm4.o(RESET) refers to stm32wbxx_it.o(i.MemManage_Handler) for MemManage_Handler
    startup_stm32wb55xx_cm4.o(RESET) refers to stm32wbxx_it.o(i.BusFault_Handler) for BusFault_Handler
    startup_stm32wb55xx_cm4.o(RESET) refers to stm32wbxx_it.o(i.UsageFault_Handler) for UsageFault_Handler
    startup_stm32wb55xx_cm4.o(RESET) refers to stm32wbxx_it.o(i.SVC_Handler) for SVC_Handler
    startup_stm32wb55xx_cm4.o(RESET) refers to stm32wbxx_it.o(i.DebugMon_Handler) for DebugMon_Handler
    startup_stm32wb55xx_cm4.o(RESET) refers to stm32wbxx_it.o(i.PendSV_Handler) for PendSV_Handler
    startup_stm32wb55xx_cm4.o(RESET) refers to stm32wbxx_it.o(i.SysTick_Handler) for SysTick_Handler
    startup_stm32wb55xx_cm4.o(.text) refers to system_stm32wbxx.o(i.SystemInit) for SystemInit
    startup_stm32wb55xx_cm4.o(.text) refers to entry.o(.ARM.Collect$$$$00000000) for __main
    main.o(i.SystemClock_Config) refers to memseta.o(.text) for __aeabi_memclr4
    main.o(i.SystemClock_Config) refers to stm32wbxx_hal_rcc.o(i.HAL_RCC_OscConfig) for HAL_RCC_OscConfig
    main.o(i.SystemClock_Config) refers to stm32wbxx_hal_rcc.o(i.HAL_RCC_ClockConfig) for HAL_RCC_ClockConfig
    main.o(i.SystemClock_Config) refers to stm32wbxx_hal_rcc_ex.o(i.HAL_RCCEx_PeriphCLKConfig) for HAL_RCCEx_PeriphCLKConfig
    main.o(i.main) refers to stm32wbxx_hal.o(i.HAL_Init) for HAL_Init
    main.o(i.main) refers to main.o(i.SystemClock_Config) for SystemClock_Config
    main.o(i.main) refers to gpio.o(i.MX_GPIO_Init) for MX_GPIO_Init
    main.o(i.main) refers to usart.o(i.MX_USART1_UART_Init) for MX_USART1_UART_Init
    main.o(i.main) refers to spi.o(i.MX_SPI1_Init) for MX_SPI1_Init
    main.o(i.main) refers to epd_7in5bc_test.o(i.EPD_7in5bc_test) for EPD_7in5bc_test
    gpio.o(i.MX_GPIO_Init) refers to memseta.o(.text) for __aeabi_memclr4
    gpio.o(i.MX_GPIO_Init) refers to stm32wbxx_hal_gpio.o(i.HAL_GPIO_WritePin) for HAL_GPIO_WritePin
    gpio.o(i.MX_GPIO_Init) refers to stm32wbxx_hal_gpio.o(i.HAL_GPIO_Init) for HAL_GPIO_Init
    spi.o(i.HAL_SPI_MspDeInit) refers to stm32wbxx_hal_gpio.o(i.HAL_GPIO_DeInit) for HAL_GPIO_DeInit
    spi.o(i.HAL_SPI_MspInit) refers to memseta.o(.text) for __aeabi_memclr4
    spi.o(i.HAL_SPI_MspInit) refers to stm32wbxx_hal_gpio.o(i.HAL_GPIO_Init) for HAL_GPIO_Init
    spi.o(i.MX_SPI1_Init) refers to stm32wbxx_hal_spi.o(i.HAL_SPI_Init) for HAL_SPI_Init
    spi.o(i.MX_SPI1_Init) refers to main.o(i.Error_Handler) for Error_Handler
    spi.o(i.MX_SPI1_Init) refers to spi.o(.bss) for .bss
    usart.o(i.HAL_UART_MspDeInit) refers to stm32wbxx_hal_gpio.o(i.HAL_GPIO_DeInit) for HAL_GPIO_DeInit
    usart.o(i.HAL_UART_MspInit) refers to memseta.o(.text) for __aeabi_memclr4
    usart.o(i.HAL_UART_MspInit) refers to stm32wbxx_hal_gpio.o(i.HAL_GPIO_Init) for HAL_GPIO_Init
    usart.o(i.MX_USART1_UART_Init) refers to stm32wbxx_hal_uart.o(i.HAL_UART_Init) for HAL_UART_Init
    usart.o(i.MX_USART1_UART_Init) refers to main.o(i.Error_Handler) for Error_Handler
    usart.o(i.MX_USART1_UART_Init) refers to stm32wbxx_hal_uart_ex.o(i.HAL_UARTEx_SetTxFifoThreshold) for HAL_UARTEx_SetTxFifoThreshold
    usart.o(i.MX_USART1_UART_Init) refers to stm32wbxx_hal_uart_ex.o(i.HAL_UARTEx_SetRxFifoThreshold) for HAL_UARTEx_SetRxFifoThreshold
    usart.o(i.MX_USART1_UART_Init) refers to stm32wbxx_hal_uart_ex.o(i.HAL_UARTEx_DisableFifoMode) for HAL_UARTEx_DisableFifoMode
    usart.o(i.MX_USART1_UART_Init) refers to usart.o(.bss) for .bss
    usart.o(i.fputc) refers to stm32wbxx_hal_uart.o(i.HAL_UART_Transmit) for HAL_UART_Transmit
    usart.o(i.fputc) refers to usart.o(.bss) for .bss
    stm32wbxx_it.o(i.SysTick_Handler) refers to stm32wbxx_hal.o(i.HAL_IncTick) for HAL_IncTick
    stm32wbxx_hal_gpio.o(i.HAL_GPIO_EXTI_IRQHandler) refers to stm32wbxx_hal_gpio.o(i.HAL_GPIO_EXTI_Callback) for HAL_GPIO_EXTI_Callback
    stm32wbxx_hal_spi.o(i.HAL_SPI_Abort) refers to stm32wbxx_hal_dma.o(i.HAL_DMA_Abort) for HAL_DMA_Abort
    stm32wbxx_hal_spi.o(i.HAL_SPI_Abort) refers to stm32wbxx_hal.o(i.HAL_GetTick) for HAL_GetTick
    stm32wbxx_hal_spi.o(i.HAL_SPI_Abort) refers to stm32wbxx_hal_spi.o(i.SPI_EndRxTxTransaction) for SPI_EndRxTxTransaction
    stm32wbxx_hal_spi.o(i.HAL_SPI_Abort) refers to stm32wbxx_hal_spi.o(i.SPI_WaitFifoStateUntilTimeout) for SPI_WaitFifoStateUntilTimeout
[...]
    Removing epd_2in9bc_test.o(i.EPD_2in9bc_test), (928 bytes).
    Removing epd_2in9d_test.o(.rev16_text), (4 bytes).
    Removing epd_2in9d_test.o(.revsh_text), (4 bytes).
    Removing epd_2in9d_test.o(.rrx_text), (6 bytes).
    Removing epd_2in9d_test.o(i.EPD_2in9d_test), (1048 bytes).
    Removing epd_2in13_test.o(.rev16_text), (4 bytes).
    Removing epd_2in13_test.o(.revsh_text), (4 bytes).
    Removing epd_2in13_test.o(.rrx_text), (6 bytes).
    Removing epd_2in13_test.o(i.EPD_2in13_test), (960 bytes).
    Removing epd_2in13_v2_test.o(.rev16_text), (4 bytes).
    Removing epd_2in13_v2_test.o(.revsh_text), (4 bytes).
    Removing epd_2in13_v2_test.o(.rrx_text), (6 bytes).
    Removing epd_2in13_v2_test.o(i.EPD_2in13_V2_test), (1012 bytes).
    Removing epd_2in13bc_test.o(.rev16_text), (4 bytes).
    Removing epd_2in13bc_test.o(.revsh_text), (4 bytes).
    Removing epd_2in13bc_test.o(.rrx_text), (6 bytes).
    Removing epd_2in13bc_test.o(i.EPD_2in13bc_test), (908 bytes).
    Removing epd_2in13d_test.o(.rev16_text), (4 bytes).
    Removing epd_2in13d_test.o(.revsh_text), (4 bytes).
    Removing epd_2in13d_test.o(.rrx_text), (6 bytes).
    Removing epd_2in13d_test.o(i.EPD_2in13d_test), (964 bytes).
    Removing epd_4in2_test.o(.rev16_text), (4 bytes).
    Removing epd_4in2_test.o(.revsh_text), (4 bytes).
    Removing epd_4in2_test.o(.rrx_text), (6 bytes).
    Removing epd_4in2_test.o(i.EPD_4in2_test), (852 bytes).
    Removing epd_4in2bc_test.o(.rev16_text), (4 bytes).
    Removing epd_4in2bc_test.o(.revsh_text), (4 bytes).
    Removing epd_4in2bc_test.o(.rrx_text), (6 bytes).
    Removing epd_4in2bc_test.o(i.EPD_4in2bc_test), (984 bytes).
    Removing epd_5in83_test.o(.rev16_text), (4 bytes).
    Removing epd_5in83_test.o(.revsh_text), (4 bytes).
    Removing epd_5in83_test.o(.rrx_text), (6 bytes).
    Removing epd_5in83_test.o(i.EPD_5in83_test), (852 bytes).
    Removing epd_5in83bc_test.o(.rev16_text), (4 bytes).
    Removing epd_5in83bc_test.o(.revsh_text), (4 bytes).
    Removing epd_5in83bc_test.o(.rrx_text), (6 bytes).
    Removing epd_5in83bc_test.o(i.EPD_5in83bc_test), (924 bytes).
    Removing epd_7in5_test.o(.rev16_text), (4 bytes).
    Removing epd_7in5_test.o(.revsh_text), (4 bytes).
    Removing epd_7in5_test.o(.rrx_text), (6 bytes).
    Removing epd_7in5_test.o(i.EPD_7in5_test), (852 bytes).
    Removing epd_7in5bc_test.o(.rev16_text), (4 bytes).
    Removing epd_7in5bc_test.o(.revsh_text), (4 bytes).
    Removing epd_7in5bc_test.o(.rrx_text), (6 bytes).
    Removing imagedata.o(.constdata), (5000 bytes).
    Removing imagedata.o(.constdata), (5000 bytes).
    Removing imagedata.o(.constdata), (5000 bytes).
    Removing imagedata.o(.constdata), (2888 bytes).
    Removing imagedata.o(.constdata), (2888 bytes).
    Removing imagedata.o(.constdata), (5808 bytes).
    Removing imagedata.o(.constdata), (5808 bytes).
    Removing imagedata.o(.constdata), (5808 bytes).
    Removing imagedata.o(.constdata), (4736 bytes).
    Removing imagedata.o(.constdata), (4736 bytes).
    Removing imagedata.o(.constdata), (4736 bytes).
    Removing imagedata.o(.constdata), (4000 bytes).
    Removing imagedata.o(.constdata), (2756 bytes).
    Removing imagedata.o(.constdata), (2756 bytes).
    Removing imagedata.o(.constdata), (2756 bytes).
    Removing imagedata.o(.constdata), (2756 bytes).
    Removing imagedata.o(.constdata), (2756 bytes).
    Removing imagedata.o(.constdata), (15000 bytes).
    Removing imagedata.o(.constdata), (15000 bytes).
    Removing imagedata.o(.constdata), (15000 bytes).
    Removing imagedata.o(.constdata), (33600 bytes).
    Removing imagedata.o(.constdata), (33600 bytes).
    Removing imagedata.o(.constdata), (33600 bytes).
    Removing imagedata.o(.constdata), (30720 bytes).
    Removing dadd.o(.text), (334 bytes).
    Removing dmul.o(.text), (228 bytes).
    Removing ddiv.o(.text), (222 bytes).
    Removing dfixul.o(.text), (48 bytes).
    Removing cdrcmple.o(.text), (48 bytes).
    Removing depilogue.o(.text), (186 bytes).

782 unused section(s) (total 316800 bytes) removed from the image.

==============================================================================

Image Symbol Table

    Local Symbols

    Symbol Name                              Value     Ov Type        Size  Object(Section)

    ../Drivers/STM32WBxx_HAL_Driver/Src/stm32wbxx_hal.c 0x00000000   Number         0  stm32wbxx_hal.o ABSOLUTE
    ../Drivers/STM32WBxx_HAL_Driver/Src/stm32wbxx_hal_cortex.c 0x00000000   Number         0  stm32wbxx_hal_cortex.o ABSOLUTE
    ../Drivers/STM32WBxx_HAL_Driver/Src/stm32wbxx_hal_dma.c 0x00000000   Number         0  stm32wbxx_hal_dma.o ABSOLUTE
    ../Drivers/STM32WBxx_HAL_Driver/Src/stm32wbxx_hal_dma_ex.c 0x00000000   Number         0  stm32wbxx_hal_dma_ex.o ABSOLUTE
    ../Drivers/STM32WBxx_HAL_Driver/Src/stm32wbxx_hal_exti.c 0x00000000   Number         0  stm32wbxx_hal_exti.o ABSOLUTE
    ../Drivers/STM32WBxx_HAL_Driver/Src/stm32wbxx_hal_flash.c 0x00000000   Number         0  stm32wbxx_hal_flash.o ABSOLUTE
    ../Drivers/STM32WBxx_HAL_Driver/Src/stm32wbxx_hal_flash_ex.c 0x00000000   Number         0  stm32wbxx_hal_flash_ex.o ABSOLUTE
    ../Drivers/STM32WBxx_HAL_Driver/Src/stm32wbxx_hal_gpio.c 0x00000000   Number         0  stm32wbxx_hal_gpio.o ABSOLUTE
    ../Drivers/STM32WBxx_HAL_Driver/Src/stm32wbxx_hal_hsem.c 0x00000000   Number         0  stm32wbxx_hal_hsem.o ABSOLUTE
    ../Drivers/STM32WBxx_HAL_Driver/Src/stm32wbxx_hal_pwr.c 0x00000000   Number         0  stm32wbxx_hal_pwr.o ABSOLUTE
    ../Drivers/STM32WBxx_HAL_Driver/Src/stm32wbxx_hal_pwr_ex.c 0x00000000   Number         0  stm32wbxx_hal_pwr_ex.o ABSOLUTE
    ../Drivers/STM32WBxx_HAL_Driver/Src/stm32wbxx_hal_rcc.c 0x00000000   Number         0  stm32wbxx_hal_rcc.o ABSOLUTE
    ../Drivers/STM32WBxx_HAL_Driver/Src/stm32wbxx_hal_rcc_ex.c 0x00000000   Number         0  stm32wbxx_hal_rcc_ex.o ABSOLUTE
    ../Drivers/STM32WBxx_HAL_Driver/Src/stm32wbxx_hal_spi.c 0x00000000   Number         0  stm32wbxx_hal_spi.o ABSOLUTE
    ../Drivers/STM32WBxx_HAL_Driver/Src/stm32wbxx_hal_spi_ex.c 0x00000000   Number         0  stm32wbxx_hal_spi_ex.o ABSOLUTE
    ../Drivers/STM32WBxx_HAL_Driver/Src/stm32wbxx_hal_tim.c 0x00000000   Number         0  stm32wbxx_hal_tim.o ABSOLUTE
    ../Drivers/STM32WBxx_HAL_Driver/Src/stm32wbxx_hal_tim_ex.c 0x00000000   Number         0  stm32wbxx_hal_tim_ex.o ABSOLUTE
    ../Drivers/STM32WBxx_HAL_Driver/Src/stm32wbxx_hal_uart.c 0x00000000   Number         0  stm32wbxx_hal_uart.o ABSOLUTE
    ../Drivers/STM32WBxx_HAL_Driver/Src/stm32wbxx_hal_uart_ex.c 0x00000000   Number         0  stm32wbxx_hal_uart_ex.o ABSOLUTE
    ../Src/gpio.c                            0x00000000   Number         0  gpio.o ABSOLUTE
    ../Src/main.c                            0x00000000   Number         0  main.o ABSOLUTE
    ../Src/spi.c                             0x00000000   Number         0  spi.o ABSOLUTE
    ../Src/stm32wbxx_hal_msp.c               0x00000000   Number         0  stm32wbxx_hal_msp.o ABSOLUTE
    ../Src/stm32wbxx_it.c                    0x00000000   Number         0  stm32wbxx_it.o ABSOLUTE
    ../Src/system_stm32wbxx.c                0x00000000   Number         0  system_stm32wbxx.o ABSOLUTE
    ../Src/usart.c                           0x00000000   Number         0  usart.o ABSOLUTE
    ../clib/microlib/division.c              0x00000000   Number         0  uldiv.o ABSOLUTE
    ../clib/microlib/division.c              0x00000000   Number         0  uidiv.o ABSOLUTE
    ../clib/microlib/init/entry.s            0x00000000   Number         0  entry8a.o ABSOLUTE
    ../clib/microlib/init/entry.s            0x00000000   Number         0  entry.o ABSOLUTE
    ../clib/microlib/init/entry.s            0x00000000   Number         0  entry8b.o ABSOLUTE
    ../clib/microlib/init/entry.s            0x00000000   Number         0  entry2.o ABSOLUTE
    ../clib/microlib/init/entry.s            0x00000000   Number         0  entry10b.o ABSOLUTE
    ../clib/microlib/init/entry.s            0x00000000   Number         0  entry11b.o ABSOLUTE
    ../clib/microlib/init/entry.s            0x00000000   Number         0  entry11a.o ABSOLUTE
    ../clib/microlib/init/entry.s            0x00000000   Number         0  entry7b.o ABSOLUTE
    ../clib/microlib/init/entry.s            0x00000000   Number         0  entry5.o ABSOLUTE
    ../clib/microlib/init/entry.s            0x00000000   Number         0  entry10a.o ABSOLUTE
    ../clib/microlib/init/entry.s            0x00000000   Number         0  entry9b.o ABSOLUTE
    ../clib/microlib/init/entry.s            0x00000000   Number         0  entry7a.o ABSOLUTE
    ../clib/microlib/init/entry.s            0x00000000   Number         0  entry9a.o ABSOLUTE
    ../clib/microlib/longlong.c              0x00000000   Number         0  llsshr.o ABSOLUTE
    ../clib/microlib/longlong.c              0x00000000   Number         0  llushr.o ABSOLUTE
    ../clib/microlib/longlong.c              0x00000000   Number         0  llshl.o ABSOLUTE
    ../clib/microlib/malloc/malloc.c         0x00000000   Number         0  mallocr.o ABSOLUTE
    ../clib/microlib/malloc/malloc.c         0x00000000   Number         0  malloc.o ABSOLUTE
    ../clib/microlib/malloc/malloc.c         0x00000000   Number         0  mallocra.o ABSOLUTE
    ../clib/microlib/malloc/malloc.c         0x00000000   Number         0  malloca.o ABSOLUTE
    ../clib/microlib/malloc/mvars.c          0x00000000   Number         0  mvars.o ABSOLUTE
    ../clib/microlib/printf/printf.c         0x00000000   Number         0  printf7.o ABSOLUTE
    ../clib/microlib/printf/printf.c         0x00000000   Number         0  printf0.o ABSOLUTE
    ../clib/microlib/printf/printf.c         0x00000000   Number         0  printfa.o ABSOLUTE
    ../clib/microlib/printf/printf.c         0x00000000   Number         0  printf8.o ABSOLUTE
    ../clib/microlib/printf/printf.c         0x00000000   Number         0  printfb.o ABSOLUTE
    ../clib/microlib/printf/printf.c         0x00000000   Number         0  printf6.o ABSOLUTE
    ../clib/microlib/printf/printf.c         0x00000000   Number         0  printf5.o ABSOLUTE
    ../clib/microlib/printf/printf.c         0x00000000   Number         0  printf4.o ABSOLUTE
    ../clib/microlib/printf/printf.c         0x00000000   Number         0  printf3.o ABSOLUTE
    ../clib/microlib/printf/printf.c         0x00000000   Number         0  printf2.o ABSOLUTE
    ../clib/microlib/printf/printf.c         0x00000000   Number         0  printf1.o ABSOLUTE
    ../clib/microlib/printf/stubs.s          0x00000000   Number         0  stubs.o ABSOLUTE
    ../clib/microlib/stdio/streams.c         0x00000000   Number         0  stdout.o ABSOLUTE
    ../clib/microlib/string/memcpy.c         0x00000000   Number         0  memcpya.o ABSOLUTE
    ../clib/microlib/string/memcpy.c         0x00000000   Number         0  memcpyb.o ABSOLUTE
    ../clib/microlib/string/memset.c         0x00000000   Number         0  memseta.o ABSOLUTE
    ../clib/microlib/stubs.s                 0x00000000   Number         0  iusefp.o ABSOLUTE
    ../fplib/microlib/fpadd.c                0x00000000   Number         0  dadd.o ABSOLUTE
    ../fplib/microlib/fpdiv.c                0x00000000   Number         0  ddiv.o ABSOLUTE
    ../fplib/microlib/fpepilogue.c           0x00000000   Number         0  depilogue.o ABSOLUTE
    ../fplib/microlib/fpfix.c                0x00000000   Number         0  dfixul.o ABSOLUTE
    ../fplib/microlib/fpmul.c                0x00000000   Number         0  dmul.o ABSOLUTE
    ..\Drivers\STM32WBxx_HAL_Driver\Src\stm32wbxx_hal.c 0x00000000   Number         0  stm32wbxx_hal.o ABSOLUTE
    ..\Drivers\STM32WBxx_HAL_Driver\Src\stm32wbxx_hal_cortex.c 0x00000000   Number         0  stm32wbxx_hal_cortex.o ABSOLUTE
    ..\Drivers\STM32WBxx_HAL_Driver\Src\stm32wbxx_hal_dma.c 0x00000000   Number         0  stm32wbxx_hal_dma.o ABSOLUTE
    ..\Drivers\STM32WBxx_HAL_Driver\Src\stm32wbxx_hal_dma_ex.c 0x00000000   Number         0  stm32wbxx_hal_dma_ex.o ABSOLUTE
    ..\Drivers\STM32WBxx_HAL_Driver\Src\stm32wbxx_hal_exti.c 0x00000000   Number         0  stm32wbxx_hal_exti.o ABSOLUTE
    ..\Drivers\STM32WBxx_HAL_Driver\Src\stm32wbxx_hal_flash.c 0x00000000   Number         0  stm32wbxx_hal_flash.o ABSOLUTE
    ..\Drivers\STM32WBxx_HAL_Driver\Src\stm32wbxx_hal_flash_ex.c 0x00000000   Number         0  stm32wbxx_hal_flash_ex.o ABSOLUTE
    ..\Drivers\STM32WBxx_HAL_Driver\Src\stm32wbxx_hal_gpio.c 0x00000000   Number         0  stm32wbxx_hal_gpio.o ABSOLUTE
    ..\Drivers\STM32WBxx_HAL_Driver\Src\stm32wbxx_hal_hsem.c 0x00000000   Number         0  stm32wbxx_hal_hsem.o ABSOLUTE
    ..\Drivers\STM32WBxx_HAL_Driver\Src\stm32wbxx_hal_pwr.c 0x00000000   Number         0  stm32wbxx_hal_pwr.o ABSOLUTE
    ..\Drivers\STM32WBxx_HAL_Driver\Src\stm32wbxx_hal_pwr_ex.c 0x00000000   Number         0  stm32wbxx_hal_pwr_ex.o ABSOLUTE
    ..\Drivers\STM32WBxx_HAL_Driver\Src\stm32wbxx_hal_rcc.c 0x00000000   Number         0  stm32wbxx_hal_rcc.o ABSOLUTE
    ..\Drivers\STM32WBxx_HAL_Driver\Src\stm32wbxx_hal_rcc_ex.c 0x00000000   Number         0  stm32wbxx_hal_rcc_ex.o ABSOLUTE
    ..\Drivers\STM32WBxx_HAL_Driver\Src\stm32wbxx_hal_spi.c 0x00000000   Number         0  stm32wbxx_hal_spi.o ABSOLUTE
    ..\Drivers\STM32WBxx_HAL_Driver\Src\stm32wbxx_hal_spi_ex.c 0x00000000   Number         0  stm32wbxx_hal_spi_ex.o ABSOLUTE
    ..\Drivers\STM32WBxx_HAL_Driver\Src\stm32wbxx_hal_tim.c 0x00000000   Number         0  stm32wbxx_hal_tim.o ABSOLUTE
    ..\Drivers\STM32WBxx_HAL_Driver\Src\stm32wbxx_hal_tim_ex.c 0x00000000   Number         0  stm32wbxx_hal_tim_ex.o ABSOLUTE
    ..\Drivers\STM32WBxx_HAL_Driver\Src\stm32wbxx_hal_uart.c 0x00000000   Number         0  stm32wbxx_hal_uart.o ABSOLUTE
    ..\Drivers\STM32WBxx_HAL_Driver\Src\stm32wbxx_hal_uart_ex.c 0x00000000   Number         0  stm32wbxx_hal_uart_ex.o ABSOLUTE
    ..\Src\gpio.c                            0x00000000   Number         0  gpio.o ABSOLUTE
    ..\Src\main.c                            0x00000000   Number         0  main.o ABSOLUTE
    ..\Src\spi.c                             0x00000000   Number         0  spi.o ABSOLUTE
    ..\Src\stm32wbxx_hal_msp.c               0x00000000   Number         0  stm32wbxx_hal_msp.o ABSOLUTE
    ..\Src\stm32wbxx_it.c                    0x00000000   Number         0  stm32wbxx_it.o ABSOLUTE
    ..\Src\system_stm32wbxx.c                0x00000000   Number         0  system_stm32wbxx.o ABSOLUTE
    ..\Src\usart.c                           0x00000000   Number         0  usart.o ABSOLUTE
    ..\User\Config\DEV_Config.c              0x00000000   Number         0  dev_config.o ABSOLUTE
    ..\User\Examples\EPD_1in54_V2_test.c     0x00000000   Number         0  epd_1in54_v2_test.o ABSOLUTE
    ..\User\Examples\EPD_1in54_test.c        0x00000000   Number         0  epd_1in54_test.o ABSOLUTE
    ..\User\Examples\EPD_1in54b_test.c       0x00000000   Number         0  epd_1in54b_test.o ABSOLUTE
    ..\User\Examples\EPD_1in54c_test.c       0x00000000   Number         0  epd_1in54c_test.o ABSOLUTE
    ..\User\Examples\EPD_2in13_V2_test.c     0x00000000   Number         0  epd_2in13_v2_test.o ABSOLUTE
    ..\User\Examples\EPD_2in13_test.c        0x00000000   Number         0  epd_2in13_test.o ABSOLUTE
    ..\User\Examples\EPD_2in13bc_test.c      0x00000000   Number         0  epd_2in13bc_test.o ABSOLUTE
    ..\User\Examples\EPD_2in13d_test.c       0x00000000   Number         0  epd_2in13d_test.o ABSOLUTE
    ..\User\Examples\EPD_2in7_test.c         0x00000000   Number         0  epd_2in7_test.o ABSOLUTE
    ..\User\Examples\EPD_2in7b_test.c        0x00000000   Number         0  epd_2in7b_test.o ABSOLUTE
    ..\User\Examples\EPD_2in9_test.c         0x00000000   Number         0  epd_2in9_test.o ABSOLUTE
    ..\User\Examples\EPD_2in9bc_test.c       0x00000000   Number         0  epd_2in9bc_test.o ABSOLUTE
    ..\User\Examples\EPD_2in9d_test.c        0x00000000   Number         0  epd_2in9d_test.o ABSOLUTE
    ..\User\Examples\EPD_4in2_test.c         0x00000000   Number         0  epd_4in2_test.o ABSOLUTE
    ..\User\Examples\EPD_4in2bc_test.c       0x00000000   Number         0  epd_4in2bc_test.o ABSOLUTE
    ..\User\Examples\EPD_5in83_test.c        0x00000000   Number         0  epd_5in83_test.o ABSOLUTE
    ..\User\Examples\EPD_5in83bc_test.c      0x00000000   Number         0  epd_5in83bc_test.o ABSOLUTE
    ..\User\Examples\EPD_7in5_test.c         0x00000000   Number         0  epd_7in5_test.o ABSOLUTE
    ..\User\Examples\EPD_7in5bc_test.c       0x00000000   Number         0  epd_7in5bc_test.o ABSOLUTE
    ..\User\Examples\ImageData.c             0x00000000   Number         0  imagedata.o ABSOLUTE
    ..\User\Fonts\font12.c                   0x00000000   Number         0  font12.o ABSOLUTE
    ..\User\Fonts\font12CN.c                 0x00000000   Number         0  font12cn.o ABSOLUTE
    ..\User\Fonts\font16.c                   0x00000000   Number         0  font16.o ABSOLUTE
    ..\User\Fonts\font20.c                   0x00000000   Number         0  font20.o ABSOLUTE
    ..\User\Fonts\font24.c                   0x00000000   Number         0  font24.o ABSOLUTE
    ..\User\Fonts\font24CN.c                 0x00000000   Number         0  font24cn.o ABSOLUTE
    ..\User\Fonts\font8.c                    0x00000000   Number         0  font8.o ABSOLUTE
    ..\User\GUI\GUI_Paint.c                  0x00000000   Number         0  gui_paint.o ABSOLUTE
    ..\User\e-Paper\EPD_1in54.c              0x00000000   Number         0  epd_1in54.o ABSOLUTE
    ..\User\e-Paper\EPD_1in54_V2.c           0x00000000   Number         0  epd_1in54_v2.o ABSOLUTE
    ..\User\e-Paper\EPD_1in54b.c             0x00000000   Number         0  epd_1in54b.o ABSOLUTE
    ..\User\e-Paper\EPD_1in54c.c             0x00000000   Number         0  epd_1in54c.o ABSOLUTE
    ..\User\e-Paper\EPD_2in13.c              0x00000000   Number         0  epd_2in13.o ABSOLUTE
    ..\User\e-Paper\EPD_2in13_V2.c           0x00000000   Number         0  epd_2in13_v2.o ABSOLUTE
    ..\User\e-Paper\EPD_2in13bc.c            0x00000000   Number         0  epd_2in13bc.o ABSOLUTE
    ..\User\e-Paper\EPD_2in13d.c             0x00000000   Number         0  epd_2in13d.o ABSOLUTE
    ..\User\e-Paper\EPD_2in7.c               0x00000000   Number         0  epd_2in7.o ABSOLUTE
    ..\User\e-Paper\EPD_2in7b.c              0x00000000   Number         0  epd_2in7b.o ABSOLUTE
    ..\User\e-Paper\EPD_2in9.c               0x00000000   Number         0  epd_2in9.o ABSOLUTE
    ..\User\e-Paper\EPD_2in9bc.c             0x00000000   Number         0  epd_2in9bc.o ABSOLUTE
    ..\User\e-Paper\EPD_2in9d.c              0x00000000   Number         0  epd_2in9d.o ABSOLUTE
    ..\User\e-Paper\EPD_4in2.c               0x00000000   Number         0  epd_4in2.o ABSOLUTE
    ..\User\e-Paper\EPD_4in2bc.c             0x00000000   Number         0  epd_4in2bc.o ABSOLUTE
    ..\User\e-Paper\EPD_5in83.c              0x00000000   Number         0  epd_5in83.o ABSOLUTE
    ..\User\e-Paper\EPD_5in83bc.c            0x00000000   Number         0  epd_5in83bc.o ABSOLUTE
    ..\User\e-Paper\EPD_7in5.c               0x00000000   Number         0  epd_7in5.o ABSOLUTE
    ..\User\e-Paper\EPD_7in5bc.c             0x00000000   Number         0  epd_7in5bc.o ABSOLUTE
    ..\\User\\Config\\DEV_Config.c           0x00000000   Number         0  dev_config.o ABSOLUTE
    ..\\User\\Examples\\EPD_1in54_V2_test.c  0x00000000   Number         0  epd_1in54_v2_test.o ABSOLUTE
    ..\\User\\Examples\\EPD_1in54_test.c     0x00000000   Number         0  epd_1in54_test.o ABSOLUTE
    ..\\User\\Examples\\EPD_1in54b_test.c    0x00000000   Number         0  epd_1in54b_test.o ABSOLUTE
    ..\\User\\Examples\\EPD_1in54c_test.c    0x00000000   Number         0  epd_1in54c_test.o ABSOLUTE
    ..\\User\\Examples\\EPD_2in13_V2_test.c  0x00000000   Number         0  epd_2in13_v2_test.o ABSOLUTE
    ..\\User\\Examples\\EPD_2in13_test.c     0x00000000   Number         0  epd_2in13_test.o ABSOLUTE
    ..\\User\\Examples\\EPD_2in13bc_test.c   0x00000000   Number         0  epd_2in13bc_test.o ABSOLUTE
    ..\\User\\Examples\\EPD_2in13d_test.c    0x00000000   Number         0  epd_2in13d_test.o ABSOLUTE
    ..\\User\\Examples\\EPD_2in7_test.c      0x00000000   Number         0  epd_2in7_test.o ABSOLUTE
    ..\\User\\Examples\\EPD_2in7b_test.c     0x00000000   Number         0  epd_2in7b_test.o ABSOLUTE
    ..\\User\\Examples\\EPD_2in9_test.c      0x00000000   Number         0  epd_2in9_test.o ABSOLUTE
    ..\\User\\Examples\\EPD_2in9bc_test.c    0x00000000   Number         0  epd_2in9bc_test.o ABSOLUTE
    ..\\User\\Examples\\EPD_2in9d_test.c     0x00000000   Number         0  epd_2in9d_test.o ABSOLUTE
    ..\\User\\Examples\\EPD_4in2_test.c      0x00000000   Number         0  epd_4in2_test.o ABSOLUTE
    ..\\User\\Examples\\EPD_4in2bc_test.c    0x00000000   Number         0  epd_4in2bc_test.o ABSOLUTE
    ..\\User\\Examples\\EPD_5in83_test.c     0x00000000   Number         0  epd_5in83_test.o ABSOLUTE
    ..\\User\\Examples\\EPD_5in83bc_test.c   0x00000000   Number         0  epd_5in83bc_test.o ABSOLUTE
    ..\\User\\Examples\\EPD_7in5_test.c      0x00000000   Number         0  epd_7in5_test.o ABSOLUTE
    ..\\User\\Examples\\EPD_7in5bc_test.c    0x00000000   Number         0  epd_7in5bc_test.o ABSOLUTE
    ..\\User\\GUI\\GUI_Paint.c               0x00000000   Number         0  gui_paint.o ABSOLUTE
    ..\\User\\e-Paper\\EPD_1in54.c           0x00000000   Number         0  epd_1in54.o ABSOLUTE
    ..\\User\\e-Paper\\EPD_1in54_V2.c        0x00000000   Number         0  epd_1in54_v2.o ABSOLUTE
    ..\\User\\e-Paper\\EPD_1in54b.c          0x00000000   Number         0  epd_1in54b.o ABSOLUTE
    ..\\User\\e-Paper\\EPD_1in54c.c          0x00000000   Number         0  epd_1in54c.o ABSOLUTE
    ..\\User\\e-Paper\\EPD_2in13.c           0x00000000   Number         0  epd_2in13.o ABSOLUTE
    ..\\User\\e-Paper\\EPD_2in13_V2.c        0x00000000   Number         0  epd_2in13_v2.o ABSOLUTE
    ..\\User\\e-Paper\\EPD_2in13bc.c         0x00000000   Number         0  epd_2in13bc.o ABSOLUTE
    ..\\User\\e-Paper\\EPD_2in13d.c          0x00000000   Number         0  epd_2in13d.o ABSOLUTE
    ..\\User\\e-Paper\\EPD_2in7.c            0x00000000   Number         0  epd_2in7.o ABSOLUTE
    ..\\User\\e-Paper\\EPD_2in7b.c           0x00000000   Number         0  epd_2in7b.o ABSOLUTE
    ..\\User\\e-Paper\\EPD_2in9.c            0x00000000   Number         0  epd_2in9.o ABSOLUTE
    ..\\User\\e-Paper\\EPD_2in9bc.c          0x00000000   Number         0  epd_2in9bc.o ABSOLUTE
    ..\\User\\e-Paper\\EPD_2in9d.c           0x00000000   Number         0  epd_2in9d.o ABSOLUTE
    ..\\User\\e-Paper\\EPD_4in2.c            0x00000000   Number         0  epd_4in2.o ABSOLUTE
    ..\\User\\e-Paper\\EPD_4in2bc.c          0x00000000   Number         0  epd_4in2bc.o ABSOLUTE
    ..\\User\\e-Paper\\EPD_5in83.c           0x00000000   Number         0  epd_5in83.o ABSOLUTE
    ..\\User\\e-Paper\\EPD_5in83bc.c         0x00000000   Number         0  epd_5in83bc.o ABSOLUTE
    ..\\User\\e-Paper\\EPD_7in5.c            0x00000000   Number         0  epd_7in5.o ABSOLUTE
    ..\\User\\e-Paper\\EPD_7in5bc.c          0x00000000   Number         0  epd_7in5bc.o ABSOLUTE
    cdrcmple.s                               0x00000000   Number         0  cdrcmple.o ABSOLUTE
    dc.s                                     0x00000000   Number         0  dc.o ABSOLUTE
    handlers.s                               0x00000000   Number         0  handlers.o ABSOLUTE
    init.s                                   0x00000000   Number         0  init.o ABSOLUTE
    startup_stm32wb55xx_cm4.s                0x00000000   Number         0  startup_stm32wb55xx_cm4.o ABSOLUTE
    RESET                                    0x08000000   Section      316  startup_stm32wb55xx_cm4.o(RESET)
    .ARM.Collect$$$$00000000                 0x0800013c   Section        0  entry.o(.ARM.Collect$$$$00000000)
    .ARM.Collect$$$$00000001                 0x0800013c   Section        4  entry2.o(.ARM.Collect$$$$00000001)
    .ARM.Collect$$$$00000004                 0x08000140   Section        4  entry5.o(.ARM.Collect$$$$00000004)
    .ARM.Collect$$$$00000008                 0x08000144   Section        0  entry7b.o(.ARM.Collect$$$$00000008)
    .ARM.Collect$$$$0000000A                 0x08000144   Section        0  entry8b.o(.ARM.Collect$$$$0000000A)
    .ARM.Collect$$$$0000000B                 0x08000144   Section        8  entry9a.o(.ARM.Collect$$$$0000000B)
    .ARM.Collect$$$$0000000D                 0x0800014c   Section        0  entry10a.o(.ARM.Collect$$$$0000000D)
    .ARM.Collect$$$$0000000F                 0x0800014c   Section        0  entry11a.o(.ARM.Collect$$$$0000000F)
    .ARM.Collect$$$$00002712                 0x0800014c   Section        4  entry2.o(.ARM.Collect$$$$00002712)
    __lit__00000000                          0x0800014c   Data           4  entry2.o(.ARM.Collect$$$$00002712)
    .text                                    0x08000150   Section       36  startup_stm32wb55xx_cm4.o(.text)
    $v0                                      0x08000150   Number         0  startup_stm32wb55xx_cm4.o(.text)
    .text                                    0x08000174   Section        0  uldiv.o(.text)
    .text                                    0x080001d6   Section        0  memseta.o(.text)
    .text                                    0x080001fa   Section        0  uidiv.o(.text)
    .text                                    0x08000226   Section        0  llshl.o(.text)
    .text                                    0x08000244   Section        0  llushr.o(.text)
    .text                                    0x08000264   Section       36  init.o(.text)
    i.BusFault_Handler                       0x08000288   Section        0  stm32wbxx_it.o(i.BusFault_Handler)
    i.DEV_Module_Exit                        0x0800028a   Section        0  dev_config.o(i.DEV_Module_Exit)
    i.DEV_Module_Init                        0x080002b2   Section        0  dev_config.o(i.DEV_Module_Init)
    i.DEV_SPI_WriteByte                      0x080002dc   Section        0  dev_config.o(i.DEV_SPI_WriteByte)
    i.DebugMon_Handler                       0x080002f4   Section        0  stm32wbxx_it.o(i.DebugMon_Handler)
    i.EPD_7IN5BC_Clear                       0x080002f6   Section        0  epd_7in5bc.o(i.EPD_7IN5BC_Clear)
    i.EPD_7IN5BC_Display                     0x08000332   Section        0  epd_7in5bc.o(i.EPD_7IN5BC_Display)
    i.EPD_7IN5BC_DisplayHalfScreen           0x080003bc   Section        0  epd_7in5bc.o(i.EPD_7IN5BC_DisplayHalfScreen)
    i.EPD_7IN5BC_Init                        0x0800047a   Section        0  epd_7in5bc.o(i.EPD_7IN5BC_Init)
    i.EPD_7IN5BC_ReadBusy                    0x08000558   Section        0  epd_7in5bc.o(i.EPD_7IN5BC_ReadBusy)
    i.EPD_7IN5BC_SendCommand                 0x080005bc   Section        0  epd_7in5bc.o(i.EPD_7IN5BC_SendCommand)
    EPD_7IN5BC_SendCommand                   0x080005bd   Thumb Code    48  epd_7in5bc.o(i.EPD_7IN5BC_SendCommand)
    i.EPD_7IN5BC_SendData                    0x080005ec   Section        0  epd_7in5bc.o(i.EPD_7IN5BC_SendData)
    EPD_7IN5BC_SendData                      0x080005ed   Thumb Code    48  epd_7in5bc.o(i.EPD_7IN5BC_SendData)
    i.EPD_7IN5BC_Sleep                       0x0800061c   Section        0  epd_7in5bc.o(i.EPD_7IN5BC_Sleep)
    i.EPD_7IN5BC_TurnOnDisplay               0x08000638   Section        0  epd_7in5bc.o(i.EPD_7IN5BC_TurnOnDisplay)
    EPD_7IN5BC_TurnOnDisplay                 0x08000639   Thumb Code    32  epd_7in5bc.o(i.EPD_7IN5BC_TurnOnDisplay)
    i.EPD_7in5bc_test                        0x08000658   Section        0  epd_7in5bc_test.o(i.EPD_7in5bc_test)
    i.Error_Handler                          0x080009f4   Section        0  main.o(i.Error_Handler)
    i.HAL_Delay                              0x080009f8   Section        0  stm32wbxx_hal.o(i.HAL_Delay)
    i.HAL_GPIO_Init                          0x08000a1c   Section        0  stm32wbxx_hal_gpio.o(i.HAL_GPIO_Init)
    i.HAL_GPIO_ReadPin                       0x08000b90   Section        0  stm32wbxx_hal_gpio.o(i.HAL_GPIO_ReadPin)
    i.HAL_GPIO_WritePin                      0x08000b9a   Section        0  stm32wbxx_hal_gpio.o(i.HAL_GPIO_WritePin)
    i.HAL_GetTick                            0x08000ba4   Section        0  stm32wbxx_hal.o(i.HAL_GetTick)
    i.HAL_GetTickPrio                        0x08000bb0   Section        0  stm32wbxx_hal.o(i.HAL_GetTickPrio)
    i.HAL_IncTick                            0x08000bbc   Section        0  stm32wbxx_hal.o(i.HAL_IncTick)
    i.HAL_Init                               0x08000bcc   Section        0  stm32wbxx_hal.o(i.HAL_Init)
    i.HAL_InitTick                           0x08000bf8   Section        0  stm32wbxx_hal.o(i.HAL_InitTick)
    i.HAL_MspInit                            0x08000c38   Section        0  stm32wbxx_hal_msp.o(i.HAL_MspInit)
    i.HAL_NVIC_SetPriority                   0x08000c3c   Section        0  stm32wbxx_hal_cortex.o(i.HAL_NVIC_SetPriority)
    i.HAL_NVIC_SetPriorityGrouping           0x08000c7c   Section        0  stm32wbxx_hal_cortex.o(i.HAL_NVIC_SetPriorityGrouping)
    i.HAL_PWREx_GetVoltageRange              0x08000ca0   Section        0  stm32wbxx_hal_pwr_ex.o(i.HAL_PWREx_GetVoltageRange)
    i.HAL_PWR_EnableBkUpAccess               0x08000cb0   Section        0  stm32wbxx_hal_pwr.o(i.HAL_PWR_EnableBkUpAccess)
    i.HAL_RCCEx_PeriphCLKConfig              0x08000cc0   Section        0  stm32wbxx_hal_rcc_ex.o(i.HAL_RCCEx_PeriphCLKConfig)
    i.HAL_RCC_ClockConfig                    0x08000eb4   Section        0  stm32wbxx_hal_rcc.o(i.HAL_RCC_ClockConfig)
    i.HAL_RCC_GetHCLKFreq                    0x080010a4   Section        0  stm32wbxx_hal_rcc.o(i.HAL_RCC_GetHCLKFreq)
    i.HAL_RCC_GetPCLK1Freq                   0x080010c8   Section        0  stm32wbxx_hal_rcc.o(i.HAL_RCC_GetPCLK1Freq)
    i.HAL_RCC_GetPCLK2Freq                   0x080010ec   Section        0  stm32wbxx_hal_rcc.o(i.HAL_RCC_GetPCLK2Freq)
    i.HAL_RCC_GetSysClockFreq                0x08001110   Section        0  stm32wbxx_hal_rcc.o(i.HAL_RCC_GetSysClockFreq)
    i.HAL_RCC_OscConfig                      0x080011ac   Section        0  stm32wbxx_hal_rcc.o(i.HAL_RCC_OscConfig)
    i.HAL_SPI_Init                           0x080016f8   Section        0  stm32wbxx_hal_spi.o(i.HAL_SPI_Init)
    i.HAL_SPI_MspInit                        0x080017a4   Section        0  spi.o(i.HAL_SPI_MspInit)
    i.HAL_SPI_Transmit                       0x08001804   Section        0  stm32wbxx_hal_spi.o(i.HAL_SPI_Transmit)
    i.HAL_SYSTICK_Config                     0x08001982   Section        0  stm32wbxx_hal_cortex.o(i.HAL_SYSTICK_Config)
    i.HAL_UARTEx_DisableFifoMode             0x080019aa   Section        0  stm32wbxx_hal_uart_ex.o(i.HAL_UARTEx_DisableFifoMode)
    i.HAL_UARTEx_SetRxFifoThreshold          0x080019e8   Section        0  stm32wbxx_hal_uart_ex.o(i.HAL_UARTEx_SetRxFifoThreshold)
    i.HAL_UARTEx_SetTxFifoThreshold          0x08001a34   Section        0  stm32wbxx_hal_uart_ex.o(i.HAL_UARTEx_SetTxFifoThreshold)
    i.HAL_UART_Init                          0x08001a80   Section        0  stm32wbxx_hal_uart.o(i.HAL_UART_Init)
    i.HAL_UART_MspInit                       0x08001aec   Section        0  usart.o(i.HAL_UART_MspInit)
    i.HAL_UART_Transmit                      0x08001b50   Section        0  stm32wbxx_hal_uart.o(i.HAL_UART_Transmit)
    i.HardFault_Handler                      0x08001c0c   Section        0  stm32wbxx_it.o(i.HardFault_Handler)
    i.LL_RCC_GetSysClkSource                 0x08001c0e   Section        0  stm32wbxx_hal_rcc.o(i.LL_RCC_GetSysClkSource)
    LL_RCC_GetSysClkSource                   0x08001c0f   Thumb Code    12  stm32wbxx_hal_rcc.o(i.LL_RCC_GetSysClkSource)
    i.LL_RCC_HSE_IsReady                     0x08001c1a   Section        0  stm32wbxx_hal_rcc.o(i.LL_RCC_HSE_IsReady)
    LL_RCC_HSE_IsReady                       0x08001c1b   Thumb Code    12  stm32wbxx_hal_rcc.o(i.LL_RCC_HSE_IsReady)
    i.LL_RCC_HSI_IsReady                     0x08001c26   Section        0  stm32wbxx_hal_rcc.o(i.LL_RCC_HSI_IsReady)
    LL_RCC_HSI_IsReady                       0x08001c27   Thumb Code    12  stm32wbxx_hal_rcc.o(i.LL_RCC_HSI_IsReady)
    i.LL_RCC_HSI_SetCalibTrimming            0x08001c32   Section        0  stm32wbxx_hal_rcc.o(i.LL_RCC_HSI_SetCalibTrimming)
    LL_RCC_HSI_SetCalibTrimming              0x08001c33   Thumb Code    18  stm32wbxx_hal_rcc.o(i.LL_RCC_HSI_SetCalibTrimming)
    i.LL_RCC_LSE_IsReady                     0x08001c44   Section        0  stm32wbxx_hal_rcc_ex.o(i.LL_RCC_LSE_IsReady)
    LL_RCC_LSE_IsReady                       0x08001c45   Thumb Code    14  stm32wbxx_hal_rcc_ex.o(i.LL_RCC_LSE_IsReady)
    i.LL_RCC_LSI1_IsReady                    0x08001c52   Section        0  stm32wbxx_hal_rcc.o(i.LL_RCC_LSI1_IsReady)
    LL_RCC_LSI1_IsReady                      0x08001c53   Thumb Code    14  stm32wbxx_hal_rcc.o(i.LL_RCC_LSI1_IsReady)
    i.LL_RCC_MSI_GetRange                    0x08001c60   Section        0  stm32wbxx_hal_rcc.o(i.LL_RCC_MSI_GetRange)
    LL_RCC_MSI_GetRange                      0x08001c61   Thumb Code    18  stm32wbxx_hal_rcc.o(i.LL_RCC_MSI_GetRange)
    i.LL_RCC_MSI_IsReady                     0x08001c72   Section        0  stm32wbxx_hal_rcc.o(i.LL_RCC_MSI_IsReady)
    LL_RCC_MSI_IsReady                       0x08001c73   Thumb Code    12  stm32wbxx_hal_rcc.o(i.LL_RCC_MSI_IsReady)
    i.LL_RCC_MSI_SetCalibTrimming            0x08001c7e   Section        0  stm32wbxx_hal_rcc.o(i.LL_RCC_MSI_SetCalibTrimming)
    LL_RCC_MSI_SetCalibTrimming              0x08001c7f   Thumb Code    18  stm32wbxx_hal_rcc.o(i.LL_RCC_MSI_SetCalibTrimming)
    i.LL_RCC_MSI_SetRange                    0x08001c90   Section        0  stm32wbxx_hal_rcc.o(i.LL_RCC_MSI_SetRange)
    LL_RCC_MSI_SetRange                      0x08001c91   Thumb Code    16  stm32wbxx_hal_rcc.o(i.LL_RCC_MSI_SetRange)
    i.LL_RCC_PLLSAI1_Disable                 0x08001ca0   Section        0  stm32wbxx_hal_rcc_ex.o(i.LL_RCC_PLLSAI1_Disable)
    LL_RCC_PLLSAI1_Disable                   0x08001ca1   Thumb Code    14  stm32wbxx_hal_rcc_ex.o(i.LL_RCC_PLLSAI1_Disable)
    i.LL_RCC_PLLSAI1_Enable                  0x08001cae   Section        0  stm32wbxx_hal_rcc_ex.o(i.LL_RCC_PLLSAI1_Enable)
    LL_RCC_PLLSAI1_Enable                    0x08001caf   Thumb Code    14  stm32wbxx_hal_rcc_ex.o(i.LL_RCC_PLLSAI1_Enable)
    i.LL_RCC_PLLSAI1_IsReady                 0x08001cbc   Section        0  stm32wbxx_hal_rcc_ex.o(i.LL_RCC_PLLSAI1_IsReady)
    LL_RCC_PLLSAI1_IsReady                   0x08001cbd   Thumb Code    12  stm32wbxx_hal_rcc_ex.o(i.LL_RCC_PLLSAI1_IsReady)
    i.LL_RCC_PLL_GetMainSource               0x08001cc8   Section        0  stm32wbxx_hal_rcc.o(i.LL_RCC_PLL_GetMainSource)
    LL_RCC_PLL_GetMainSource                 0x08001cc9   Thumb Code    12  stm32wbxx_hal_rcc.o(i.LL_RCC_PLL_GetMainSource)
    i.LL_RCC_PLL_IsReady                     0x08001cd4   Section        0  stm32wbxx_hal_rcc.o(i.LL_RCC_PLL_IsReady)
    LL_RCC_PLL_IsReady                       0x08001cd5   Thumb Code    12  stm32wbxx_hal_rcc.o(i.LL_RCC_PLL_IsReady)
    i.LL_RCC_SetI2CClockSource               0x08001ce0   Section        0  stm32wbxx_hal_rcc_ex.o(i.LL_RCC_SetI2CClockSource)
    LL_RCC_SetI2CClockSource                 0x08001ce1   Thumb Code    30  stm32wbxx_hal_rcc_ex.o(i.LL_RCC_SetI2CClockSource)
    i.LL_RCC_SetLPTIMClockSource             0x08001cfe   Section        0  stm32wbxx_hal_rcc_ex.o(i.LL_RCC_SetLPTIMClockSource)
    LL_RCC_SetLPTIMClockSource               0x08001cff   Thumb Code    22  stm32wbxx_hal_rcc_ex.o(i.LL_RCC_SetLPTIMClockSource)
    i.MX_GPIO_Init                           0x08001d14   Section        0  gpio.o(i.MX_GPIO_Init)
    i.MX_SPI1_Init                           0x08001d6c   Section        0  spi.o(i.MX_SPI1_Init)
    i.MX_USART1_UART_Init                    0x08001dbc   Section        0  usart.o(i.MX_USART1_UART_Init)
    i.MemManage_Handler                      0x08001e24   Section        0  stm32wbxx_it.o(i.MemManage_Handler)
    i.NMI_Handler                            0x08001e26   Section        0  stm32wbxx_it.o(i.NMI_Handler)
    i.NVIC_SetPriority                       0x08001e28   Section        0  stm32wbxx_hal_cortex.o(i.NVIC_SetPriority)
    NVIC_SetPriority                         0x08001e29   Thumb Code    32  stm32wbxx_hal_cortex.o(i.NVIC_SetPriority)
    i.Paint_Clear                            0x08001e48   Section        0  gui_paint.o(i.Paint_Clear)
    i.Paint_DrawChar                         0x08001e7c   Section        0  gui_paint.o(i.Paint_DrawChar)
    i.Paint_DrawCircle                       0x08001f70   Section        0  gui_paint.o(i.Paint_DrawCircle)
    i.Paint_DrawLine                         0x0800218c   Section        0  gui_paint.o(i.Paint_DrawLine)
    i.Paint_DrawNum                          0x08002298   Section        0  gui_paint.o(i.Paint_DrawNum)
    i.Paint_DrawPoint                        0x0800236c   Section        0  gui_paint.o(i.Paint_DrawPoint)
    i.Paint_DrawRectangle                    0x08002450   Section        0  gui_paint.o(i.Paint_DrawRectangle)
    i.Paint_DrawString_CN                    0x08002530   Section        0  gui_paint.o(i.Paint_DrawString_CN)
    i.Paint_DrawString_EN                    0x080026c4   Section        0  gui_paint.o(i.Paint_DrawString_EN)
    i.Paint_NewImage                         0x08002740   Section        0  gui_paint.o(i.Paint_NewImage)
    i.Paint_SelectImage                      0x08002778   Section        0  gui_paint.o(i.Paint_SelectImage)
    i.Paint_SetPixel                         0x08002784   Section        0  gui_paint.o(i.Paint_SetPixel)
    i.PendSV_Handler                         0x08002854   Section        0  stm32wbxx_it.o(i.PendSV_Handler)
    i.RCCEx_PLLSAI1_ConfigNP                 0x08002856   Section        0  stm32wbxx_hal_rcc_ex.o(i.RCCEx_PLLSAI1_ConfigNP)
    RCCEx_PLLSAI1_ConfigNP                   0x08002857   Thumb Code   116  stm32wbxx_hal_rcc_ex.o(i.RCCEx_PLLSAI1_ConfigNP)
    i.RCCEx_PLLSAI1_ConfigNQ                 0x080028ca   Section        0  stm32wbxx_hal_rcc_ex.o(i.RCCEx_PLLSAI1_ConfigNQ)
    RCCEx_PLLSAI1_ConfigNQ                   0x080028cb   Thumb Code   116  stm32wbxx_hal_rcc_ex.o(i.RCCEx_PLLSAI1_ConfigNQ)
    i.RCCEx_PLLSAI1_ConfigNR                 0x0800293e   Section        0  stm32wbxx_hal_rcc_ex.o(i.RCCEx_PLLSAI1_ConfigNR)
    RCCEx_PLLSAI1_ConfigNR                   0x0800293f   Thumb Code   116  stm32wbxx_hal_rcc_ex.o(i.RCCEx_PLLSAI1_ConfigNR)
    i.RCC_SetFlashLatency                    0x080029b4   Section        0  stm32wbxx_hal_rcc.o(i.RCC_SetFlashLatency)
    RCC_SetFlashLatency                      0x080029b5   Thumb Code   134  stm32wbxx_hal_rcc.o(i.RCC_SetFlashLatency)
    i.RCC_SetFlashLatencyFromMSIRange        0x08002a44   Section        0  stm32wbxx_hal_rcc.o(i.RCC_SetFlashLatencyFromMSIRange)
    RCC_SetFlashLatencyFromMSIRange          0x08002a45   Thumb Code    62  stm32wbxx_hal_rcc.o(i.RCC_SetFlashLatencyFromMSIRange)
    i.SPI_EndRxTxTransaction                 0x08002a90   Section        0  stm32wbxx_hal_spi.o(i.SPI_EndRxTxTransaction)
    SPI_EndRxTxTransaction                   0x08002a91   Thumb Code    72  stm32wbxx_hal_spi.o(i.SPI_EndRxTxTransaction)
    i.SPI_WaitFifoStateUntilTimeout          0x08002ad8   Section        0  stm32wbxx_hal_spi.o(i.SPI_WaitFifoStateUntilTimeout)
    SPI_WaitFifoStateUntilTimeout            0x08002ad9   Thumb Code   150  stm32wbxx_hal_spi.o(i.SPI_WaitFifoStateUntilTimeout)
    i.SPI_WaitFlagStateUntilTimeout          0x08002b6e   Section        0  stm32wbxx_hal_spi.o(i.SPI_WaitFlagStateUntilTimeout)
    SPI_WaitFlagStateUntilTimeout            0x08002b6f   Thumb Code   148  stm32wbxx_hal_spi.o(i.SPI_WaitFlagStateUntilTimeout)
    i.SVC_Handler                            0x08002c02   Section        0  stm32wbxx_it.o(i.SVC_Handler)
    i.SysTick_Handler                        0x08002c04   Section        0  stm32wbxx_it.o(i.SysTick_Handler)
    i.SystemClock_Config                     0x08002c08   Section        0  main.o(i.SystemClock_Config)
    i.SystemCoreClockUpdate                  0x08002cbc   Section        0  system_stm32wbxx.o(i.SystemCoreClockUpdate)
    i.SystemInit                             0x08002d58   Section        0  system_stm32wbxx.o(i.SystemInit)
    i.UARTEx_SetNbDataToProcess              0x08002dbc   Section        0  stm32wbxx_hal_uart_ex.o(i.UARTEx_SetNbDataToProcess)
    UARTEx_SetNbDataToProcess                0x08002dbd   Thumb Code    82  stm32wbxx_hal_uart_ex.o(i.UARTEx_SetNbDataToProcess)
    i.UART_AdvFeatureConfig                  0x08002e20   Section        0  stm32wbxx_hal_uart.o(i.UART_AdvFeatureConfig)
    i.UART_CheckIdleState                    0x08002ee8   Section        0  stm32wbxx_hal_uart.o(i.UART_CheckIdleState)
    i.UART_SetConfig                         0x08002f48   Section        0  stm32wbxx_hal_uart.o(i.UART_SetConfig)
    i.UART_WaitOnFlagUntilTimeout            0x08003656   Section        0  stm32wbxx_hal_uart.o(i.UART_WaitOnFlagUntilTimeout)
    i.UsageFault_Handler                     0x080036ba   Section        0  stm32wbxx_it.o(i.UsageFault_Handler)
    i.__0printf$3                            0x080036bc   Section        0  printf3.o(i.__0printf$3)
    i.__scatterload_copy                     0x080036dc   Section       14  handlers.o(i.__scatterload_copy)
    i.__scatterload_null                     0x080036ea   Section        2  handlers.o(i.__scatterload_null)
    i.__scatterload_zeroinit                 0x080036ec   Section       14  handlers.o(i.__scatterload_zeroinit)
    i._printf_core                           0x080036fc   Section        0  printf3.o(i._printf_core)
    _printf_core                             0x080036fd   Thumb Code   436  printf3.o(i._printf_core)
    i.fputc                                  0x080038b4   Section        0  usart.o(i.fputc)
    i.free                                   0x080038cc   Section        0  malloc.o(i.free)
    i.main                                   0x0800391c   Section        0  main.o(i.main)
    i.malloc                                 0x08003938   Section        0  malloc.o(i.malloc)
    .constdata                               0x080039a4   Section       44  stm32wbxx_hal_rcc.o(.constdata)
    .constdata                               0x080039d0   Section      128  system_stm32wbxx.o(.constdata)
    .constdata                               0x08003a50   Section       32  system_stm32wbxx.o(.constdata)
    .constdata                               0x08003a70   Section     1140  font12.o(.constdata)
    .constdata                               0x08003ee4   Section     1494  font12cn.o(.constdata)
    .constdata                               0x080044ba   Section     3040  font16.o(.constdata)
    .constdata                               0x0800509a   Section     4482  font24cn.o(.constdata)
    .constdata                               0x0800621c   Section    30720  imagedata.o(.constdata)
    .constdata                               0x0800da1c   Section    30720  imagedata.o(.constdata)
    .conststring                             0x0801521c   Section      133  gui_paint.o(.conststring)
    .data                                    0x20000000   Section       12  stm32wbxx_hal.o(.data)
    .data                                    0x2000000c   Section        4  system_stm32wbxx.o(.data)
    .data                                    0x20000010   Section        8  font12.o(.data)
    .data                                    0x20000018   Section       12  font12cn.o(.data)
    .data                                    0x20000024   Section        8  font16.o(.data)
    .data                                    0x2000002c   Section       12  font24cn.o(.data)
    .data                                    0x20000038   Section        4  stdout.o(.data)
    .data                                    0x2000003c   Section        4  mvars.o(.data)
    .data                                    0x20000040   Section        4  mvars.o(.data)
    .bss                                     0x20000044   Section      100  spi.o(.bss)
    .bss                                     0x200000a8   Section      140  usart.o(.bss)
    .bss                                     0x20000134   Section       24  gui_paint.o(.bss)
    HEAP                                     0x20000150   Section    36864  startup_stm32wb55xx_cm4.o(HEAP)
    STACK                                    0x20009150   Section     4096  startup_stm32wb55xx_cm4.o(STACK)

    Global Symbols

    Symbol Name                              Value     Ov Type        Size  Object(Section)

    BuildAttributes$$THM_ISAv4$E$P$D$K$B$S$7EM$VFPi3$EXTD16$VFPS$VFMA$PE$A:L22UL41UL21$X:L11$S22US41US21$IEEE1$IW$USESV6$~STKCKD$USESV7$~SHL$OSPACE$ROPI$EBA8$MICROLIB$REQ8$PRES8$EABIv2 0x00000000   Number         0  anon$$obj.o ABSOLUTE
    __ARM_use_no_argv                        0x00000000   Number         0  main.o ABSOLUTE
    _printf_a                                0x00000000   Number         0  stubs.o ABSOLUTE
    _printf_c                                0x00000000   Number         0  stubs.o ABSOLUTE
    _printf_charcount                        0x00000000   Number         0  stubs.o ABSOLUTE
    _printf_d                                0x00000000   Number         0  stubs.o ABSOLUTE
    _printf_e                                0x00000000   Number         0  stubs.o ABSOLUTE
    _printf_f                                0x00000000   Number         0  stubs.o ABSOLUTE
    _printf_flags                            0x00000000   Number         0  stubs.o ABSOLUTE
    _printf_fp_dec                           0x00000000   Number         0  stubs.o ABSOLUTE
    _printf_fp_hex                           0x00000000   Number         0  stubs.o ABSOLUTE
    _printf_g                                0x00000000   Number         0  stubs.o ABSOLUTE
    _printf_i                                0x00000000   Number         0  stubs.o ABSOLUTE
    _printf_int_dec                          0x00000000   Number         0  stubs.o ABSOLUTE
    _printf_l                                0x00000000   Number         0  stubs.o ABSOLUTE
    _printf_lc                               0x00000000   Number         0  stubs.o ABSOLUTE
    _printf_ll                               0x00000000   Number         0  stubs.o ABSOLUTE
    _printf_lld                              0x00000000   Number         0  stubs.o ABSOLUTE
    _printf_lli                              0x00000000   Number         0  stubs.o ABSOLUTE
    _printf_llo                              0x00000000   Number         0  stubs.o ABSOLUTE
    _printf_llu                              0x00000000   Number         0  stubs.o ABSOLUTE
    _printf_llx                              0x00000000   Number         0  stubs.o ABSOLUTE
    _printf_longlong_dec                     0x00000000   Number         0  stubs.o ABSOLUTE
    _printf_longlong_hex                     0x00000000   Number         0  stubs.o ABSOLUTE
    _printf_longlong_oct                     0x00000000   Number         0  stubs.o ABSOLUTE
    _printf_ls                               0x00000000   Number         0  stubs.o ABSOLUTE
    _printf_mbtowc                           0x00000000   Number         0  stubs.o ABSOLUTE
    _printf_n                                0x00000000   Number         0  stubs.o ABSOLUTE
    _printf_o                                0x00000000   Number         0  stubs.o ABSOLUTE
    _printf_p                                0x00000000   Number         0  stubs.o ABSOLUTE
    _printf_percent                          0x00000000   Number         0  stubs.o ABSOLUTE
    _printf_pre_padding                      0x00000000   Number         0  stubs.o ABSOLUTE
    _printf_return_value                     0x00000000   Number         0  stubs.o ABSOLUTE
    _printf_s                                0x00000000   Number         0  stubs.o ABSOLUTE
    _printf_sizespec                         0x00000000   Number         0  stubs.o ABSOLUTE
    _printf_str                              0x00000000   Number         0  stubs.o ABSOLUTE
    _printf_truncate_signed                  0x00000000   Number         0  stubs.o ABSOLUTE
    _printf_truncate_unsigned                0x00000000   Number         0  stubs.o ABSOLUTE
    _printf_u                                0x00000000   Number         0  stubs.o ABSOLUTE
    _printf_wc                               0x00000000   Number         0  stubs.o ABSOLUTE
    _printf_wctomb                           0x00000000   Number         0  stubs.o ABSOLUTE
    _printf_widthprec                        0x00000000   Number         0  stubs.o ABSOLUTE
    _printf_x                                0x00000000   Number         0  stubs.o ABSOLUTE
    __cpp_initialize__aeabi_                  - Undefined Weak Reference
    __cxa_finalize                            - Undefined Weak Reference
    __decompress                              - Undefined Weak Reference
    _clock_init                               - Undefined Weak Reference
    _microlib_exit                            - Undefined Weak Reference
    __Vectors_Size                           0x0000013c   Number         0  startup_stm32wb55xx_cm4.o ABSOLUTE
    __Vectors                                0x08000000   Data           4  startup_stm32wb55xx_cm4.o(RESET)
    __Vectors_End                            0x0800013c   Data           0  startup_stm32wb55xx_cm4.o(RESET)
    __main                                   0x0800013d   Thumb Code     0  entry.o(.ARM.Collect$$$$00000000)
    _main_stk                                0x0800013d   Thumb Code     0  entry2.o(.ARM.Collect$$$$00000001)
    _main_scatterload                        0x08000141   Thumb Code     0  entry5.o(.ARM.Collect$$$$00000004)
    __main_after_scatterload                 0x08000145   Thumb Code     0  entry5.o(.ARM.Collect$$$$00000004)
    _main_clock                              0x08000145   Thumb Code     0  entry7b.o(.ARM.Collect$$$$00000008)
    _main_cpp_init                           0x08000145   Thumb Code     0  entry8b.o(.ARM.Collect$$$$0000000A)
    _main_init                               0x08000145   Thumb Code     0  entry9a.o(.ARM.Collect$$$$0000000B)
    __rt_final_cpp                           0x0800014d   Thumb Code     0  entry10a.o(.ARM.Collect$$$$0000000D)
    __rt_final_exit                          0x0800014d   Thumb Code     0  entry11a.o(.ARM.Collect$$$$0000000F)
    Reset_Handler                            0x08000151   Thumb Code     8  startup_stm32wb55xx_cm4.o(.text)
    ADC1_IRQHandler                          0x0800016b   Thumb Code     0  startup_stm32wb55xx_cm4.o(.text)
    AES1_IRQHandler                          0x0800016b   Thumb Code     0  startup_stm32wb55xx_cm4.o(.text)
    AES2_IRQHandler                          0x0800016b   Thumb Code     0  startup_stm32wb55xx_cm4.o(.text)
    C2SEV_PWR_C2H_IRQHandler                 0x0800016b   Thumb Code     0  startup_stm32wb55xx_cm4.o(.text)
    COMP_IRQHandler                          0x0800016b   Thumb Code     0  startup_stm32wb55xx_cm4.o(.text)
    CRS_IRQHandler                           0x0800016b   Thumb Code     0  startup_stm32wb55xx_cm4.o(.text)
    DMA1_Channel1_IRQHandler                 0x0800016b   Thumb Code     0  startup_stm32wb55xx_cm4.o(.text)
    DMA1_Channel2_IRQHandler                 0x0800016b   Thumb Code     0  startup_stm32wb55xx_cm4.o(.text)
    DMA1_Channel3_IRQHandler                 0x0800016b   Thumb Code     0  startup_stm32wb55xx_cm4.o(.text)
    DMA1_Channel4_IRQHandler                 0x0800016b   Thumb Code     0  startup_stm32wb55xx_cm4.o(.text)
    DMA1_Channel5_IRQHandler                 0x0800016b   Thumb Code     0  startup_stm32wb55xx_cm4.o(.text)
    DMA1_Channel6_IRQHandler                 0x0800016b   Thumb Code     0  startup_stm32wb55xx_cm4.o(.text)
    DMA1_Channel7_IRQHandler                 0x0800016b   Thumb Code     0  startup_stm32wb55xx_cm4.o(.text)
    DMA2_Channel1_IRQHandler                 0x0800016b   Thumb Code     0  startup_stm32wb55xx_cm4.o(.text)
    DMA2_Channel2_IRQHandler                 0x0800016b   Thumb Code     0  startup_stm32wb55xx_cm4.o(.text)
    DMA2_Channel3_IRQHandler                 0x0800016b   Thumb Code     0  startup_stm32wb55xx_cm4.o(.text)
    DMA2_Channel4_IRQHandler                 0x0800016b   Thumb Code     0  startup_stm32wb55xx_cm4.o(.text)
    DMA2_Channel5_IRQHandler                 0x0800016b   Thumb Code     0  startup_stm32wb55xx_cm4.o(.text)
    DMA2_Channel6_IRQHandler                 0x0800016b   Thumb Code     0  startup_stm32wb55xx_cm4.o(.text)
    DMA2_Channel7_IRQHandler                 0x0800016b   Thumb Code     0  startup_stm32wb55xx_cm4.o(.text)
    DMAMUX1_OVR_IRQHandler                   0x0800016b   Thumb Code     0  startup_stm32wb55xx_cm4.o(.text)
    EXTI0_IRQHandler                         0x0800016b   Thumb Code     0  startup_stm32wb55xx_cm4.o(.text)
    EXTI15_10_IRQHandler                     0x0800016b   Thumb Code     0  startup_stm32wb55xx_cm4.o(.text)
    EXTI1_IRQHandler                         0x0800016b   Thumb Code     0  startup_stm32wb55xx_cm4.o(.text)
    EXTI2_IRQHandler                         0x0800016b   Thumb Code     0  startup_stm32wb55xx_cm4.o(.text)
    EXTI3_IRQHandler                         0x0800016b   Thumb Code     0  startup_stm32wb55xx_cm4.o(.text)
    EXTI4_IRQHandler                         0x0800016b   Thumb Code     0  startup_stm32wb55xx_cm4.o(.text)
    EXTI9_5_IRQHandler                       0x0800016b   Thumb Code     0  startup_stm32wb55xx_cm4.o(.text)
    FLASH_IRQHandler                         0x0800016b   Thumb Code     0  startup_stm32wb55xx_cm4.o(.text)
    FPU_IRQHandler                           0x0800016b   Thumb Code     0  startup_stm32wb55xx_cm4.o(.text)
    HSEM_IRQHandler                          0x0800016b   Thumb Code     0  startup_stm32wb55xx_cm4.o(.text)
    I2C1_ER_IRQHandler                       0x0800016b   Thumb Code     0  startup_stm32wb55xx_cm4.o(.text)
    I2C1_EV_IRQHandler                       0x0800016b   Thumb Code     0  startup_stm32wb55xx_cm4.o(.text)
    I2C3_ER_IRQHandler                       0x0800016b   Thumb Code     0  startup_stm32wb55xx_cm4.o(.text)
    I2C3_EV_IRQHandler                       0x0800016b   Thumb Code     0  startup_stm32wb55xx_cm4.o(.text)
    IPCC_C1_RX_IRQHandler                    0x0800016b   Thumb Code     0  startup_stm32wb55xx_cm4.o(.text)
    IPCC_C1_TX_IRQHandler                    0x0800016b   Thumb Code     0  startup_stm32wb55xx_cm4.o(.text)
    LCD_IRQHandler                           0x0800016b   Thumb Code     0  startup_stm32wb55xx_cm4.o(.text)
    LPTIM1_IRQHandler                        0x0800016b   Thumb Code     0  startup_stm32wb55xx_cm4.o(.text)
    LPTIM2_IRQHandler                        0x0800016b   Thumb Code     0  startup_stm32wb55xx_cm4.o(.text)
    LPUART1_IRQHandler                       0x0800016b   Thumb Code     0  startup_stm32wb55xx_cm4.o(.text)
    PKA_IRQHandler                           0x0800016b   Thumb Code     0  startup_stm32wb55xx_cm4.o(.text)
    PVD_PVM_IRQHandler                       0x0800016b   Thumb Code     0  startup_stm32wb55xx_cm4.o(.text)
    PWR_SOTF_BLEACT_802ACT_RFPHASE_IRQHandler 0x0800016b   Thumb Code     0  startup_stm32wb55xx_cm4.o(.text)
    QUADSPI_IRQHandler                       0x0800016b   Thumb Code     0  startup_stm32wb55xx_cm4.o(.text)
    RCC_IRQHandler                           0x0800016b   Thumb Code     0  startup_stm32wb55xx_cm4.o(.text)
    RNG_IRQHandler                           0x0800016b   Thumb Code     0  startup_stm32wb55xx_cm4.o(.text)
    RTC_Alarm_IRQHandler                     0x0800016b   Thumb Code     0  startup_stm32wb55xx_cm4.o(.text)
    RTC_WKUP_IRQHandler                      0x0800016b   Thumb Code     0  startup_stm32wb55xx_cm4.o(.text)
    SAI1_IRQHandler                          0x0800016b   Thumb Code     0  startup_stm32wb55xx_cm4.o(.text)
    SPI1_IRQHandler                          0x0800016b   Thumb Code     0  startup_stm32wb55xx_cm4.o(.text)
    SPI2_IRQHandler                          0x0800016b   Thumb Code     0  startup_stm32wb55xx_cm4.o(.text)
    TAMP_STAMP_LSECSS_IRQHandler             0x0800016b   Thumb Code     0  startup_stm32wb55xx_cm4.o(.text)
    TIM1_BRK_IRQHandler                      0x0800016b   Thumb Code     0  startup_stm32wb55xx_cm4.o(.text)
    TIM1_CC_IRQHandler                       0x0800016b   Thumb Code     0  startup_stm32wb55xx_cm4.o(.text)
    TIM1_TRG_COM_TIM17_IRQHandler            0x0800016b   Thumb Code     0  startup_stm32wb55xx_cm4.o(.text)
    TIM1_UP_TIM16_IRQHandler                 0x0800016b   Thumb Code     0  startup_stm32wb55xx_cm4.o(.text)
    TIM2_IRQHandler                          0x0800016b   Thumb Code     0  startup_stm32wb55xx_cm4.o(.text)
    TSC_IRQHandler                           0x0800016b   Thumb Code     0  startup_stm32wb55xx_cm4.o(.text)
    USART1_IRQHandler                        0x0800016b   Thumb Code     0  startup_stm32wb55xx_cm4.o(.text)
    USB_HP_IRQHandler                        0x0800016b   Thumb Code     0  startup_stm32wb55xx_cm4.o(.text)
    USB_LP_IRQHandler                        0x0800016b   Thumb Code     0  startup_stm32wb55xx_cm4.o(.text)
    WWDG_IRQHandler                          0x0800016b   Thumb Code     0  startup_stm32wb55xx_cm4.o(.text)
    __aeabi_uldivmod                         0x08000175   Thumb Code    98  uldiv.o(.text)
    __aeabi_memset                           0x080001d7   Thumb Code    14  memseta.o(.text)
    __aeabi_memset4                          0x080001d7   Thumb Code     0  memseta.o(.text)
    __aeabi_memset8                          0x080001d7   Thumb Code     0  memseta.o(.text)
    __aeabi_memclr                           0x080001e5   Thumb Code     4  memseta.o(.text)
    __aeabi_memclr4                          0x080001e5   Thumb Code     0  memseta.o(.text)
    __aeabi_memclr8                          0x080001e5   Thumb Code     0  memseta.o(.text)
    _memset$wrapper                          0x080001e9   Thumb Code    18  memseta.o(.text)
    __aeabi_uidiv                            0x080001fb   Thumb Code     0  uidiv.o(.text)
    __aeabi_uidivmod                         0x080001fb   Thumb Code    44  uidiv.o(.text)
    __aeabi_llsl                             0x08000227   Thumb Code    30  llshl.o(.text)
    _ll_shift_l                              0x08000227   Thumb Code     0  llshl.o(.text)
    __aeabi_llsr                             0x08000245   Thumb Code    32  llushr.o(.text)
    _ll_ushift_r                             0x08000245   Thumb Code     0  llushr.o(.text)
    __scatterload                            0x08000265   Thumb Code    28  init.o(.text)
    __scatterload_rt2                        0x08000265   Thumb Code     0  init.o(.text)
    BusFault_Handler                         0x08000289   Thumb Code     2  stm32wbxx_it.o(i.BusFault_Handler)
    DEV_Module_Exit                          0x0800028b   Thumb Code    40  dev_config.o(i.DEV_Module_Exit)
    DEV_Module_Init                          0x080002b3   Thumb Code    40  dev_config.o(i.DEV_Module_Init)
    DEV_SPI_WriteByte                        0x080002dd   Thumb Code    18  dev_config.o(i.DEV_SPI_WriteByte)
    DebugMon_Handler                         0x080002f5   Thumb Code     2  stm32wbxx_it.o(i.DebugMon_Handler)
    EPD_7IN5BC_Clear                         0x080002f7   Thumb Code    60  epd_7in5bc.o(i.EPD_7IN5BC_Clear)
    EPD_7IN5BC_Display                       0x08000333   Thumb Code   138  epd_7in5bc.o(i.EPD_7IN5BC_Display)
    EPD_7IN5BC_DisplayHalfScreen             0x080003bd   Thumb Code   190  epd_7in5bc.o(i.EPD_7IN5BC_DisplayHalfScreen)
    EPD_7IN5BC_Init                          0x0800047b   Thumb Code   220  epd_7in5bc.o(i.EPD_7IN5BC_Init)
    EPD_7IN5BC_ReadBusy                      0x08000559   Thumb Code    44  epd_7in5bc.o(i.EPD_7IN5BC_ReadBusy)
    EPD_7IN5BC_Sleep                         0x0800061d   Thumb Code    28  epd_7in5bc.o(i.EPD_7IN5BC_Sleep)
    EPD_7in5bc_test                          0x08000659   Thumb Code   562  epd_7in5bc_test.o(i.EPD_7in5bc_test)
    Error_Handler                            0x080009f5   Thumb Code     2  main.o(i.Error_Handler)
    HAL_Delay                                0x080009f9   Thumb Code    32  stm32wbxx_hal.o(i.HAL_Delay)
    HAL_GPIO_Init                            0x08000a1d   Thumb Code   346  stm32wbxx_hal_gpio.o(i.HAL_GPIO_Init)
    HAL_GPIO_ReadPin                         0x08000b91   Thumb Code    10  stm32wbxx_hal_gpio.o(i.HAL_GPIO_ReadPin)
    HAL_GPIO_WritePin                        0x08000b9b   Thumb Code    10  stm32wbxx_hal_gpio.o(i.HAL_GPIO_WritePin)
    HAL_GetTick                              0x08000ba5   Thumb Code     6  stm32wbxx_hal.o(i.HAL_GetTick)
    HAL_GetTickPrio                          0x08000bb1   Thumb Code     6  stm32wbxx_hal.o(i.HAL_GetTickPrio)
    HAL_IncTick                              0x08000bbd   Thumb Code    12  stm32wbxx_hal.o(i.HAL_IncTick)
    HAL_Init                                 0x08000bcd   Thumb Code    40  stm32wbxx_hal.o(i.HAL_Init)
    HAL_InitTick                             0x08000bf9   Thumb Code    60  stm32wbxx_hal.o(i.HAL_InitTick)
    HAL_MspInit                              0x08000c39   Thumb Code     2  stm32wbxx_hal_msp.o(i.HAL_MspInit)
    HAL_NVIC_SetPriority                     0x08000c3d   Thumb Code    60  stm32wbxx_hal_cortex.o(i.HAL_NVIC_SetPriority)
    HAL_NVIC_SetPriorityGrouping             0x08000c7d   Thumb Code    26  stm32wbxx_hal_cortex.o(i.HAL_NVIC_SetPriorityGrouping)
    HAL_PWREx_GetVoltageRange                0x08000ca1   Thumb Code    10  stm32wbxx_hal_pwr_ex.o(i.HAL_PWREx_GetVoltageRange)
    HAL_PWR_EnableBkUpAccess                 0x08000cb1   Thumb Code    12  stm32wbxx_hal_pwr.o(i.HAL_PWR_EnableBkUpAccess)
    HAL_RCCEx_PeriphCLKConfig                0x08000cc1   Thumb Code   500  stm32wbxx_hal_rcc_ex.o(i.HAL_RCCEx_PeriphCLKConfig)
    HAL_RCC_ClockConfig                      0x08000eb5   Thumb Code   492  stm32wbxx_hal_rcc.o(i.HAL_RCC_ClockConfig)
    HAL_RCC_GetHCLKFreq                      0x080010a5   Thumb Code    30  stm32wbxx_hal_rcc.o(i.HAL_RCC_GetHCLKFreq)
    HAL_RCC_GetPCLK1Freq                     0x080010c9   Thumb Code    32  stm32wbxx_hal_rcc.o(i.HAL_RCC_GetPCLK1Freq)
    HAL_RCC_GetPCLK2Freq                     0x080010ed   Thumb Code    32  stm32wbxx_hal_rcc.o(i.HAL_RCC_GetPCLK2Freq)
    HAL_RCC_GetSysClockFreq                  0x08001111   Thumb Code   148  stm32wbxx_hal_rcc.o(i.HAL_RCC_GetSysClockFreq)
    HAL_RCC_OscConfig                        0x080011ad   Thumb Code  1344  stm32wbxx_hal_rcc.o(i.HAL_RCC_OscConfig)
    HAL_SPI_Init                             0x080016f9   Thumb Code   172  stm32wbxx_hal_spi.o(i.HAL_SPI_Init)
    HAL_SPI_MspInit                          0x080017a5   Thumb Code    90  spi.o(i.HAL_SPI_MspInit)
    HAL_SPI_Transmit                         0x08001805   Thumb Code   382  stm32wbxx_hal_spi.o(i.HAL_SPI_Transmit)
    HAL_SYSTICK_Config                       0x08001983   Thumb Code    40  stm32wbxx_hal_cortex.o(i.HAL_SYSTICK_Config)
    HAL_UARTEx_DisableFifoMode               0x080019ab   Thumb Code    62  stm32wbxx_hal_uart_ex.o(i.HAL_UARTEx_DisableFifoMode)
    HAL_UARTEx_SetRxFifoThreshold            0x080019e9   Thumb Code    76  stm32wbxx_hal_uart_ex.o(i.HAL_UARTEx_SetRxFifoThreshold)
    HAL_UARTEx_SetTxFifoThreshold            0x08001a35   Thumb Code    76  stm32wbxx_hal_uart_ex.o(i.HAL_UARTEx_SetTxFifoThreshold)
    HAL_UART_Init                            0x08001a81   Thumb Code   106  stm32wbxx_hal_uart.o(i.HAL_UART_Init)
    HAL_UART_MspInit                         0x08001aed   Thumb Code    94  usart.o(i.HAL_UART_MspInit)
    HAL_UART_Transmit                        0x08001b51   Thumb Code   188  stm32wbxx_hal_uart.o(i.HAL_UART_Transmit)
    HardFault_Handler                        0x08001c0d   Thumb Code     2  stm32wbxx_it.o(i.HardFault_Handler)
    MX_GPIO_Init                             0x08001d15   Thumb Code    88  gpio.o(i.MX_GPIO_Init)
    MX_SPI1_Init                             0x08001d6d   Thumb Code    72  spi.o(i.MX_SPI1_Init)
    MX_USART1_UART_Init                      0x08001dbd   Thumb Code    94  usart.o(i.MX_USART1_UART_Init)
    MemManage_Handler                        0x08001e25   Thumb Code     2  stm32wbxx_it.o(i.MemManage_Handler)
    NMI_Handler                              0x08001e27   Thumb Code     2  stm32wbxx_it.o(i.NMI_Handler)
    Paint_Clear                              0x08001e49   Thumb Code    46  gui_paint.o(i.Paint_Clear)
    Paint_DrawChar                           0x08001e7d   Thumb Code   176  gui_paint.o(i.Paint_DrawChar)
    Paint_DrawCircle                         0x08001f71   Thumb Code   532  gui_paint.o(i.Paint_DrawCircle)
    Paint_DrawLine                           0x0800218d   Thumb Code   200  gui_paint.o(i.Paint_DrawLine)
    Paint_DrawNum                            0x08002299   Thumb Code   144  gui_paint.o(i.Paint_DrawNum)
    Paint_DrawPoint                          0x0800236d   Thumb Code   158  gui_paint.o(i.Paint_DrawPoint)
    Paint_DrawRectangle                      0x08002451   Thumb Code   172  gui_paint.o(i.Paint_DrawRectangle)
    Paint_DrawString_CN                      0x08002531   Thumb Code   398  gui_paint.o(i.Paint_DrawString_CN)
    Paint_DrawString_EN                      0x080026c5   Thumb Code   116  gui_paint.o(i.Paint_DrawString_EN)
    Paint_NewImage                           0x08002741   Thumb Code    52  gui_paint.o(i.Paint_NewImage)
    Paint_SelectImage                        0x08002779   Thumb Code     6  gui_paint.o(i.Paint_SelectImage)
    Paint_SetPixel                           0x08002785   Thumb Code   164  gui_paint.o(i.Paint_SetPixel)
    PendSV_Handler                           0x08002855   Thumb Code     2  stm32wbxx_it.o(i.PendSV_Handler)
    SVC_Handler                              0x08002c03   Thumb Code     2  stm32wbxx_it.o(i.SVC_Handler)
    SysTick_Handler                          0x08002c05   Thumb Code     4  stm32wbxx_it.o(i.SysTick_Handler)
    SystemClock_Config                       0x08002c09   Thumb Code   174  main.o(i.SystemClock_Config)
    SystemCoreClockUpdate                    0x08002cbd   Thumb Code   144  system_stm32wbxx.o(i.SystemCoreClockUpdate)
    SystemInit                               0x08002d59   Thumb Code    86  system_stm32wbxx.o(i.SystemInit)
    UART_AdvFeatureConfig                    0x08002e21   Thumb Code   200  stm32wbxx_hal_uart.o(i.UART_AdvFeatureConfig)
    UART_CheckIdleState                      0x08002ee9   Thumb Code    94  stm32wbxx_hal_uart.o(i.UART_CheckIdleState)
    UART_SetConfig                           0x08002f49   Thumb Code  1806  stm32wbxx_hal_uart.o(i.UART_SetConfig)
    UART_WaitOnFlagUntilTimeout              0x08003657   Thumb Code   100  stm32wbxx_hal_uart.o(i.UART_WaitOnFlagUntilTimeout)
    UsageFault_Handler                       0x080036bb   Thumb Code     2  stm32wbxx_it.o(i.UsageFault_Handler)
    __0printf$3                              0x080036bd   Thumb Code    22  printf3.o(i.__0printf$3)
    __1printf$3                              0x080036bd   Thumb Code     0  printf3.o(i.__0printf$3)
    __2printf                                0x080036bd   Thumb Code     0  printf3.o(i.__0printf$3)
    __scatterload_copy                       0x080036dd   Thumb Code    14  handlers.o(i.__scatterload_copy)
    __scatterload_null                       0x080036eb   Thumb Code     2  handlers.o(i.__scatterload_null)
    __scatterload_zeroinit                   0x080036ed   Thumb Code    14  handlers.o(i.__scatterload_zeroinit)
    fputc                                    0x080038b5   Thumb Code    20  usart.o(i.fputc)
    free                                     0x080038cd   Thumb Code    76  malloc.o(i.free)
    main                                     0x0800391d   Thumb Code    26  main.o(i.main)
    malloc                                   0x08003939   Thumb Code    92  malloc.o(i.malloc)
    AHBPrescTable                            0x080039d0   Data          64  system_stm32wbxx.o(.constdata)
    MSIRangeTable                            0x08003a10   Data          64  system_stm32wbxx.o(.constdata)
    APBPrescTable                            0x08003a50   Data          32  system_stm32wbxx.o(.constdata)
    Font12_Table                             0x08003a70   Data        1140  font12.o(.constdata)
    Font12CN_Table                           0x08003ee4   Data        1494  font12cn.o(.constdata)
    Font16_Table                             0x080044ba   Data        3040  font16.o(.constdata)
    Font24CN_Table                           0x0800509a   Data        4482  font24cn.o(.constdata)
    gImage_7in5bc_b                          0x0800621c   Data       30720  imagedata.o(.constdata)
    gImage_7in5bc_ry                         0x0800da1c   Data       30720  imagedata.o(.constdata)
    Region$$Table$$Base                      0x080152a4   Number         0  anon$$obj.o(Region$$Table)
    Region$$Table$$Limit                     0x080152c4   Number         0  anon$$obj.o(Region$$Table)
    uwTickPrio                               0x20000000   Data           4  stm32wbxx_hal.o(.data)
    uwTickFreq                               0x20000004   Data           4  stm32wbxx_hal.o(.data)
    uwTick                                   0x20000008   Data           4  stm32wbxx_hal.o(.data)
    SystemCoreClock                          0x2000000c   Data           4  system_stm32wbxx.o(.data)
    Font12                                   0x20000010   Data           8  font12.o(.data)
    Font12CN                                 0x20000018   Data          12  font12cn.o(.data)
    Font16                                   0x20000024   Data           8  font16.o(.data)
    Font24CN                                 0x2000002c   Data          12  font24cn.o(.data)
    __stdout                                 0x20000038   Data           4  stdout.o(.data)
    __microlib_freelist                      0x2000003c   Data           4  mvars.o(.data)
    __microlib_freelist_initialised          0x20000040   Data           4  mvars.o(.data)
    hspi1                                    0x20000044   Data         100  spi.o(.bss)
    huart1                                   0x200000a8   Data         140  usart.o(.bss)
    Paint                                    0x20000134   Data          24  gui_paint.o(.bss)
    __heap_base                              0x20000150   Data           0  startup_stm32wb55xx_cm4.o(HEAP)
    __heap_limit                             0x20009150   Data           0  startup_stm32wb55xx_cm4.o(HEAP)
    __initial_sp                             0x2000a150   Data           0  startup_stm32wb55xx_cm4.o(STACK)



==============================================================================

Memory Map of the image

  Image Entry point : 0x0800013d

  Load Region LR_IROM1 (Base: 0x08000000, Size: 0x00015308, Max: 0x00100000, ABSOLUTE)

    Execution Region ER_IROM1 (Exec base: 0x08000000, Load base: 0x08000000, Size: 0x000152c4, Max: 0x00100000, ABSOLUTE)

    Exec Addr    Load Addr    Size         Type   Attr      Idx    E Section Name        Object

    0x08000000   0x08000000   0x0000013c   Data   RO            3    RESET               startup_stm32wb55xx_cm4.o
    0x0800013c   0x0800013c   0x00000000   Code   RO         5360  * .ARM.Collect$$$$00000000  mc_w.l(entry.o)
    0x0800013c   0x0800013c   0x00000004   Code   RO         5656    .ARM.Collect$$$$00000001  mc_w.l(entry2.o)
    0x08000140   0x08000140   0x00000004   Code   RO         5659    .ARM.Collect$$$$00000004  mc_w.l(entry5.o)
    0x08000144   0x08000144   0x00000000   Code   RO         5661    .ARM.Collect$$$$00000008  mc_w.l(entry7b.o)
    0x08000144   0x08000144   0x00000000   Code   RO         5663    .ARM.Collect$$$$0000000A  mc_w.l(entry8b.o)
    0x08000144   0x08000144   0x00000008   Code   RO         5664    .ARM.Collect$$$$0000000B  mc_w.l(entry9a.o)
    0x0800014c   0x0800014c   0x00000000   Code   RO         5666    .ARM.Collect$$$$0000000D  mc_w.l(entry10a.o)
    0x0800014c   0x0800014c   0x00000000   Code   RO         5668    .ARM.Collect$$$$0000000F  mc_w.l(entry11a.o)
    0x0800014c   0x0800014c   0x00000004   Code   RO         5657    .ARM.Collect$$$$00002712  mc_w.l(entry2.o)
    0x08000150   0x08000150   0x00000024   Code   RO            4    .text               startup_stm32wb55xx_cm4.o
    0x08000174   0x08000174   0x00000062   Code   RO         5363    .text               mc_w.l(uldiv.o)
    0x080001d6   0x080001d6   0x00000024   Code   RO         5365    .text               mc_w.l(memseta.o)
    0x080001fa   0x080001fa   0x0000002c   Code   RO         5671    .text               mc_w.l(uidiv.o)
    0x08000226   0x08000226   0x0000001e   Code   RO         5673    .text               mc_w.l(llshl.o)
    0x08000244   0x08000244   0x00000020   Code   RO         5675    .text               mc_w.l(llushr.o)
    0x08000264   0x08000264   0x00000024   Code   RO         5694    .text               mc_w.l(init.o)
    0x08000288   0x08000288   0x00000002   Code   RO          336    i.BusFault_Handler  stm32wbxx_it.o
    0x0800028a   0x0800028a   0x00000028   Code   RO         4591    i.DEV_Module_Exit   dev_config.o
    0x080002b2   0x080002b2   0x00000028   Code   RO         4592    i.DEV_Module_Init   dev_config.o
    0x080002da   0x080002da   0x00000002   PAD
    0x080002dc   0x080002dc   0x00000018   Code   RO         4593    i.DEV_SPI_WriteByte  dev_config.o
    0x080002f4   0x080002f4   0x00000002   Code   RO          337    i.DebugMon_Handler  stm32wbxx_it.o
    0x080002f6   0x080002f6   0x0000003c   Code   RO         4519    i.EPD_7IN5BC_Clear  epd_7in5bc.o
    0x08000332   0x08000332   0x0000008a   Code   RO         4520    i.EPD_7IN5BC_Display  epd_7in5bc.o
    0x080003bc   0x080003bc   0x000000be   Code   RO         4521    i.EPD_7IN5BC_DisplayHalfScreen  epd_7in5bc.o
    0x0800047a   0x0800047a   0x000000dc   Code   RO         4522    i.EPD_7IN5BC_Init   epd_7in5bc.o
    0x08000556   0x08000556   0x00000002   PAD
    0x08000558   0x08000558   0x00000064   Code   RO         4523    i.EPD_7IN5BC_ReadBusy  epd_7in5bc.o
    0x080005bc   0x080005bc   0x00000030   Code   RO         4524    i.EPD_7IN5BC_SendCommand  epd_7in5bc.o
    0x080005ec   0x080005ec   0x00000030   Code   RO         4525    i.EPD_7IN5BC_SendData  epd_7in5bc.o
    0x0800061c   0x0800061c   0x0000001c   Code   RO         4526    i.EPD_7IN5BC_Sleep  epd_7in5bc.o
    0x08000638   0x08000638   0x00000020   Code   RO         4527    i.EPD_7IN5BC_TurnOnDisplay  epd_7in5bc.o
    0x08000658   0x08000658   0x0000039c   Code   RO         5302    i.EPD_7in5bc_test   epd_7in5bc_test.o
    0x080009f4   0x080009f4   0x00000002   Code   RO           13    i.Error_Handler     main.o
    0x080009f6   0x080009f6   0x00000002   PAD
    0x080009f8   0x080009f8   0x00000024   Code   RO         2847    i.HAL_Delay         stm32wbxx_hal.o
    0x08000a1c   0x08000a1c   0x00000174   Code   RO          438    i.HAL_GPIO_Init     stm32wbxx_hal_gpio.o
    0x08000b90   0x08000b90   0x0000000a   Code   RO          440    i.HAL_GPIO_ReadPin  stm32wbxx_hal_gpio.o
    0x08000b9a   0x08000b9a   0x0000000a   Code   RO          442    i.HAL_GPIO_WritePin  stm32wbxx_hal_gpio.o
    0x08000ba4   0x08000ba4   0x0000000c   Code   RO         2851    i.HAL_GetTick       stm32wbxx_hal.o
    0x08000bb0   0x08000bb0   0x0000000c   Code   RO         2853    i.HAL_GetTickPrio   stm32wbxx_hal.o
    0x08000bbc   0x08000bbc   0x00000010   Code   RO         2857    i.HAL_IncTick       stm32wbxx_hal.o
    0x08000bcc   0x08000bcc   0x0000002c   Code   RO         2858    i.HAL_Init          stm32wbxx_hal.o
    0x08000bf8   0x08000bf8   0x00000040   Code   RO         2859    i.HAL_InitTick      stm32wbxx_hal.o
    0x08000c38   0x08000c38   0x00000002   Code   RO          411    i.HAL_MspInit       stm32wbxx_hal_msp.o
    0x08000c3a   0x08000c3a   0x00000002   PAD
    0x08000c3c   0x08000c3c   0x00000040   Code   RO         2721    i.HAL_NVIC_SetPriority  stm32wbxx_hal_cortex.o
    0x08000c7c   0x08000c7c   0x00000024   Code   RO         2722    i.HAL_NVIC_SetPriorityGrouping  stm32wbxx_hal_cortex.o
    0x08000ca0   0x08000ca0   0x00000010   Code   RO         2417    i.HAL_PWREx_GetVoltageRange  stm32wbxx_hal_pwr_ex.o
    0x08000cb0   0x08000cb0   0x00000010   Code   RO         2265    i.HAL_PWR_EnableBkUpAccess  stm32wbxx_hal_pwr.o
    0x08000cc0   0x08000cc0   0x000001f4   Code   RO         1567    i.HAL_RCCEx_PeriphCLKConfig  stm32wbxx_hal_rcc_ex.o
    0x08000eb4   0x08000eb4   0x000001f0   Code   RO         1363    i.HAL_RCC_ClockConfig  stm32wbxx_hal_rcc.o
    0x080010a4   0x080010a4   0x00000024   Code   RO         1369    i.HAL_RCC_GetHCLKFreq  stm32wbxx_hal_rcc.o
    0x080010c8   0x080010c8   0x00000024   Code   RO         1371    i.HAL_RCC_GetPCLK1Freq  stm32wbxx_hal_rcc.o
    0x080010ec   0x080010ec   0x00000024   Code   RO         1372    i.HAL_RCC_GetPCLK2Freq  stm32wbxx_hal_rcc.o
    0x08001110   0x08001110   0x0000009c   Code   RO         1373    i.HAL_RCC_GetSysClockFreq  stm32wbxx_hal_rcc.o
    0x080011ac   0x080011ac   0x0000054c   Code   RO         1376    i.HAL_RCC_OscConfig  stm32wbxx_hal_rcc.o
    0x080016f8   0x080016f8   0x000000ac   Code   RO          512    i.HAL_SPI_Init      stm32wbxx_hal_spi.o
    0x080017a4   0x080017a4   0x00000060   Code   RO          244    i.HAL_SPI_MspInit   spi.o
    0x08001804   0x08001804   0x0000017e   Code   RO          520    i.HAL_SPI_Transmit  stm32wbxx_hal_spi.o
    0x08001982   0x08001982   0x00000028   Code   RO         2726    i.HAL_SYSTICK_Config  stm32wbxx_hal_cortex.o
    0x080019aa   0x080019aa   0x0000003e   Code   RO         1269    i.HAL_UARTEx_DisableFifoMode  stm32wbxx_hal_uart_ex.o
    0x080019e8   0x080019e8   0x0000004c   Code   RO         1274    i.HAL_UARTEx_SetRxFifoThreshold  stm32wbxx_hal_uart_ex.o
    0x08001a34   0x08001a34   0x0000004c   Code   RO         1275    i.HAL_UARTEx_SetTxFifoThreshold  stm32wbxx_hal_uart_ex.o
    0x08001a80   0x08001a80   0x0000006a   Code   RO          914    i.HAL_UART_Init     stm32wbxx_hal_uart.o
    0x08001aea   0x08001aea   0x00000002   PAD
    0x08001aec   0x08001aec   0x00000064   Code   RO          289    i.HAL_UART_MspInit  usart.o
    0x08001b50   0x08001b50   0x000000bc   Code   RO          922    i.HAL_UART_Transmit  stm32wbxx_hal_uart.o
    0x08001c0c   0x08001c0c   0x00000002   Code   RO          338    i.HardFault_Handler  stm32wbxx_it.o
    0x08001c0e   0x08001c0e   0x0000000c   Code   RO         1378    i.LL_RCC_GetSysClkSource  stm32wbxx_hal_rcc.o
    0x08001c1a   0x08001c1a   0x0000000c   Code   RO         1379    i.LL_RCC_HSE_IsReady  stm32wbxx_hal_rcc.o
    0x08001c26   0x08001c26   0x0000000c   Code   RO         1380    i.LL_RCC_HSI_IsReady  stm32wbxx_hal_rcc.o
    0x08001c32   0x08001c32   0x00000012   Code   RO         1381    i.LL_RCC_HSI_SetCalibTrimming  stm32wbxx_hal_rcc.o
    0x08001c44   0x08001c44   0x0000000e   Code   RO         1577    i.LL_RCC_LSE_IsReady  stm32wbxx_hal_rcc_ex.o
    0x08001c52   0x08001c52   0x0000000e   Code   RO         1382    i.LL_RCC_LSI1_IsReady  stm32wbxx_hal_rcc.o
    0x08001c60   0x08001c60   0x00000012   Code   RO         1383    i.LL_RCC_MSI_GetRange  stm32wbxx_hal_rcc.o
    0x08001c72   0x08001c72   0x0000000c   Code   RO         1384    i.LL_RCC_MSI_IsReady  stm32wbxx_hal_rcc.o
    0x08001c7e   0x08001c7e   0x00000012   Code   RO         1385    i.LL_RCC_MSI_SetCalibTrimming  stm32wbxx_hal_rcc.o
    0x08001c90   0x08001c90   0x00000010   Code   RO         1386    i.LL_RCC_MSI_SetRange  stm32wbxx_hal_rcc.o
    0x08001ca0   0x08001ca0   0x0000000e   Code   RO         1581    i.LL_RCC_PLLSAI1_Disable  stm32wbxx_hal_rcc_ex.o
    0x08001cae   0x08001cae   0x0000000e   Code   RO         1582    i.LL_RCC_PLLSAI1_Enable  stm32wbxx_hal_rcc_ex.o
    0x08001cbc   0x08001cbc   0x0000000c   Code   RO         1584    i.LL_RCC_PLLSAI1_IsReady  stm32wbxx_hal_rcc_ex.o
    0x08001cc8   0x08001cc8   0x0000000c   Code   RO         1387    i.LL_RCC_PLL_GetMainSource  stm32wbxx_hal_rcc.o
    0x08001cd4   0x08001cd4   0x0000000c   Code   RO         1388    i.LL_RCC_PLL_IsReady  stm32wbxx_hal_rcc.o
    0x08001ce0   0x08001ce0   0x0000001e   Code   RO         1588    i.LL_RCC_SetI2CClockSource  stm32wbxx_hal_rcc_ex.o
    0x08001cfe   0x08001cfe   0x00000016   Code   RO         1589    i.LL_RCC_SetLPTIMClockSource  stm32wbxx_hal_rcc_ex.o
    0x08001d14   0x08001d14   0x00000058   Code   RO          216    i.MX_GPIO_Init      gpio.o
    0x08001d6c   0x08001d6c   0x00000050   Code   RO          245    i.MX_SPI1_Init      spi.o
    0x08001dbc   0x08001dbc   0x00000068   Code   RO          290    i.MX_USART1_UART_Init  usart.o
    0x08001e24   0x08001e24   0x00000002   Code   RO          339    i.MemManage_Handler  stm32wbxx_it.o
    0x08001e26   0x08001e26   0x00000002   Code   RO          340    i.NMI_Handler       stm32wbxx_it.o
    0x08001e28   0x08001e28   0x00000020   Code   RO         2728    i.NVIC_SetPriority  stm32wbxx_hal_cortex.o
    0x08001e48   0x08001e48   0x00000034   Code   RO         4628    i.Paint_Clear       gui_paint.o
    0x08001e7c   0x08001e7c   0x000000f4   Code   RO         4631    i.Paint_DrawChar    gui_paint.o
    0x08001f70   0x08001f70   0x0000021c   Code   RO         4632    i.Paint_DrawCircle  gui_paint.o
    0x0800218c   0x0800218c   0x0000010c   Code   RO         4633    i.Paint_DrawLine    gui_paint.o
    0x08002298   0x08002298   0x000000d4   Code   RO         4634    i.Paint_DrawNum     gui_paint.o
    0x0800236c   0x0800236c   0x000000e4   Code   RO         4635    i.Paint_DrawPoint   gui_paint.o
    0x08002450   0x08002450   0x000000e0   Code   RO         4636    i.Paint_DrawRectangle  gui_paint.o
    0x08002530   0x08002530   0x00000194   Code   RO         4637    i.Paint_DrawString_CN  gui_paint.o
    0x080026c4   0x080026c4   0x0000007c   Code   RO         4638    i.Paint_DrawString_EN  gui_paint.o
    0x08002740   0x08002740   0x00000038   Code   RO         4640    i.Paint_NewImage    gui_paint.o
    0x08002778   0x08002778   0x0000000c   Code   RO         4641    i.Paint_SelectImage  gui_paint.o
    0x08002784   0x08002784   0x000000d0   Code   RO         4643    i.Paint_SetPixel    gui_paint.o
    0x08002854   0x08002854   0x00000002   Code   RO          341    i.PendSV_Handler    stm32wbxx_it.o
    0x08002856   0x08002856   0x00000074   Code   RO         1590    i.RCCEx_PLLSAI1_ConfigNP  stm32wbxx_hal_rcc_ex.o
    0x080028ca   0x080028ca   0x00000074   Code   RO         1591    i.RCCEx_PLLSAI1_ConfigNQ  stm32wbxx_hal_rcc_ex.o
    0x0800293e   0x0800293e   0x00000074   Code   RO         1592    i.RCCEx_PLLSAI1_ConfigNR  stm32wbxx_hal_rcc_ex.o
    0x080029b2   0x080029b2   0x00000002   PAD
    0x080029b4   0x080029b4   0x00000090   Code   RO         1389    i.RCC_SetFlashLatency  stm32wbxx_hal_rcc.o
    0x08002a44   0x08002a44   0x0000004c   Code   RO         1390    i.RCC_SetFlashLatencyFromMSIRange  stm32wbxx_hal_rcc.o
    0x08002a90   0x08002a90   0x00000048   Code   RO          550    i.SPI_EndRxTxTransaction  stm32wbxx_hal_spi.o
    0x08002ad8   0x08002ad8   0x00000096   Code   RO          555    i.SPI_WaitFifoStateUntilTimeout  stm32wbxx_hal_spi.o
    0x08002b6e   0x08002b6e   0x00000094   Code   RO          556    i.SPI_WaitFlagStateUntilTimeout  stm32wbxx_hal_spi.o
    0x08002c02   0x08002c02   0x00000002   Code   RO          342    i.SVC_Handler       stm32wbxx_it.o
    0x08002c04   0x08002c04   0x00000004   Code   RO          343    i.SysTick_Handler   stm32wbxx_it.o
    0x08002c08   0x08002c08   0x000000b4   Code   RO           14    i.SystemClock_Config  main.o
    0x08002cbc   0x08002cbc   0x0000009c   Code   RO         3182    i.SystemCoreClockUpdate  system_stm32wbxx.o
    0x08002d58   0x08002d58   0x00000064   Code   RO         3183    i.SystemInit        system_stm32wbxx.o
    0x08002dbc   0x08002dbc   0x00000064   Code   RO         1279    i.UARTEx_SetNbDataToProcess  stm32wbxx_hal_uart_ex.o
    0x08002e20   0x08002e20   0x000000c8   Code   RO          927    i.UART_AdvFeatureConfig  stm32wbxx_hal_uart.o
    0x08002ee8   0x08002ee8   0x0000005e   Code   RO          928    i.UART_CheckIdleState  stm32wbxx_hal_uart.o
    0x08002f46   0x08002f46   0x00000002   PAD
    0x08002f48   0x08002f48   0x0000070e   Code   RO          945    i.UART_SetConfig    stm32wbxx_hal_uart.o
    0x08003656   0x08003656   0x00000064   Code   RO          950    i.UART_WaitOnFlagUntilTimeout  stm32wbxx_hal_uart.o
    0x080036ba   0x080036ba   0x00000002   Code   RO          344    i.UsageFault_Handler  stm32wbxx_it.o
    0x080036bc   0x080036bc   0x00000020   Code   RO         5456    i.__0printf$3       mc_w.l(printf3.o)
    0x080036dc   0x080036dc   0x0000000e   Code   RO         5702    i.__scatterload_copy  mc_w.l(handlers.o)
    0x080036ea   0x080036ea   0x00000002   Code   RO         5703    i.__scatterload_null  mc_w.l(handlers.o)
    0x080036ec   0x080036ec   0x0000000e   Code   RO         5704    i.__scatterload_zeroinit  mc_w.l(handlers.o)
    0x080036fa   0x080036fa   0x00000002   PAD
    0x080036fc   0x080036fc   0x000001b8   Code   RO         5463    i._printf_core      mc_w.l(printf3.o)
    0x080038b4   0x080038b4   0x00000018   Code   RO          291    i.fputc             usart.o
    0x080038cc   0x080038cc   0x00000050   Code   RO         5628    i.free              mc_w.l(malloc.o)
    0x0800391c   0x0800391c   0x0000001a   Code   RO           15    i.main              main.o
    0x08003936   0x08003936   0x00000002   PAD
    0x08003938   0x08003938   0x0000006c   Code   RO         5629    i.malloc            mc_w.l(malloc.o)
    0x080039a4   0x080039a4   0x0000002c   Data   RO         1391    .constdata          stm32wbxx_hal_rcc.o
    0x080039d0   0x080039d0   0x00000080   Data   RO         3184    .constdata          system_stm32wbxx.o
    0x08003a50   0x08003a50   0x00000020   Data   RO         3185    .constdata          system_stm32wbxx.o
    0x08003a70   0x08003a70   0x00000474   Data   RO         4771    .constdata          font12.o
    0x08003ee4   0x08003ee4   0x000005d6   Data   RO         4785    .constdata          font12cn.o
    0x080044ba   0x080044ba   0x00000be0   Data   RO         4799    .constdata          font16.o
    0x0800509a   0x0800509a   0x00001182   Data   RO         4841    .constdata          font24cn.o
    0x0800621c   0x0800621c   0x00007800   Data   RO         5347    .constdata          imagedata.o
    0x0800da1c   0x0800da1c   0x00007800   Data   RO         5348    .constdata          imagedata.o
    0x0801521c   0x0801521c   0x00000085   Data   RO         4646    .conststring        gui_paint.o
    0x080152a1   0x080152a1   0x00000003   PAD
    0x080152a4   0x080152a4   0x00000020   Data   RO         5700    Region$$Table       anon$$obj.o


    Execution Region RW_IRAM1 (Exec base: 0x20000000, Load base: 0x080152c4, Size: 0x0000a150, Max: 0x00040000, ABSOLUTE)

    Exec Addr    Load Addr    Size         Type   Attr      Idx    E Section Name        Object

    0x20000000   0x080152c4   0x0000000c   Data   RW         2880    .data               stm32wbxx_hal.o
    0x2000000c   0x080152d0   0x00000004   Data   RW         3187    .data               system_stm32wbxx.o
    0x20000010   0x080152d4   0x00000008   Data   RW         4772    .data               font12.o
    0x20000018   0x080152dc   0x0000000c   Data   RW         4786    .data               font12cn.o
    0x20000024   0x080152e8   0x00000008   Data   RW         4800    .data               font16.o
    0x2000002c   0x080152f0   0x0000000c   Data   RW         4842    .data               font24cn.o
    0x20000038   0x080152fc   0x00000004   Data   RW         5670    .data               mc_w.l(stdout.o)
    0x2000003c   0x08015300   0x00000004   Data   RW         5681    .data               mc_w.l(mvars.o)
    0x20000040   0x08015304   0x00000004   Data   RW         5682    .data               mc_w.l(mvars.o)
    0x20000044        -       0x00000064   Zero   RW          246    .bss                spi.o
    0x200000a8        -       0x0000008c   Zero   RW          292    .bss                usart.o
    0x20000134        -       0x00000018   Zero   RW         4645    .bss                gui_paint.o
    0x2000014c   0x08015308   0x00000004   PAD
    0x20000150        -       0x00009000   Zero   RW            2    HEAP                startup_stm32wb55xx_cm4.o
    0x20009150        -       0x00001000   Zero   RW            1    STACK               startup_stm32wb55xx_cm4.o


==============================================================================

Image component sizes


      Code (inc. data)   RO Data    RW Data    ZI Data      Debug   Object Name

       104          6          0          0          0       1608   dev_config.o
       864         56          0          0          0       6834   epd_7in5bc.o
       924        362          0          0          0       1306   epd_7in5bc_test.o
         0          0       1140          8          0       1389   font12.o
         0          0       1494         12          0       1399   font12cn.o
         0          0       3040          8          0       1389   font16.o
         0          0       4482         12          0       1399   font24cn.o
        88          0          0          0          0      10119   gpio.o
      2572        408        133          0         24      15067   gui_paint.o
         0          0      61440          0          0       2064   imagedata.o
       208          6          0          0          0     648138   main.o
       176         14          0          0        100      11253   spi.o
        36          8        316          0      40960        864   startup_stm32wb55xx_cm4.o
       184         28          0         12          0       4719   stm32wbxx_hal.o
       172         14          0          0          0      29842   stm32wbxx_hal_cortex.o
       392         26          0          0          0       3091   stm32wbxx_hal_gpio.o
         2          0          0          0          0        478   stm32wbxx_hal_msp.o
        16          4          0          0          0        567   stm32wbxx_hal_pwr.o
        16          6          0          0          0        596   stm32wbxx_hal_pwr_ex.o
      2492         62         44          0          0      47744   stm32wbxx_hal_rcc.o
       954          0          0          0          0      38776   stm32wbxx_hal_rcc_ex.o
       924          0          0          0          0       5590   stm32wbxx_hal_spi.o
      2494         24          0          0          0      37957   stm32wbxx_hal_uart.o
       314         18          0          0          0       3753   stm32wbxx_hal_uart_ex.o
        20          0          0          0          0       4286   stm32wbxx_it.o
       256         26        160          4          0       2228   system_stm32wbxx.o
       228         20          0          0        140       2462   usart.o

    ----------------------------------------------------------------------
     13452       1088      72284         56      41228     884918   Object Totals
         0          0         32          0          0          0   (incl. Generated)
        16          0          3          0          4          0   (incl. Padding)

    ----------------------------------------------------------------------

      Code (inc. data)   RO Data    RW Data    ZI Data      Debug   Library Member Name

         0          0          0          0          0          0   entry.o
         0          0          0          0          0          0   entry10a.o
         0          0          0          0          0          0   entry11a.o
         8          4          0          0          0          0   entry2.o
         4          0          0          0          0          0   entry5.o
         0          0          0          0          0          0   entry7b.o
         0          0          0          0          0          0   entry8b.o
         8          4          0          0          0          0   entry9a.o
        30          0          0          0          0          0   handlers.o
        36          8          0          0          0         68   init.o
        30          0          0          0          0         68   llshl.o
        32          0          0          0          0         68   llushr.o
       188         20          0          0          0        160   malloc.o
        36          0          0          0          0        108   memseta.o
         0          0          0          8          0          0   mvars.o
       472         14          0          0          0        184   printf3.o
         0          0          0          4          0          0   stdout.o
        44          0          0          0          0         80   uidiv.o
        98          0          0          0          0         92   uldiv.o

    ----------------------------------------------------------------------
       988         50          0         12          0        828   Library Totals
         2          0          0          0          0          0   (incl. Padding)

    ----------------------------------------------------------------------

      Code (inc. data)   RO Data    RW Data    ZI Data      Debug   Library Name

       986         50          0         12          0        828   mc_w.l

    ----------------------------------------------------------------------
       988         50          0         12          0        828   Library Totals

    ----------------------------------------------------------------------

==============================================================================


      Code (inc. data)   RO Data    RW Data    ZI Data      Debug   

     14440       1138      72284         68      41228     875786   Grand Totals
     14440       1138      72284         68      41228     875786   ELF Image Totals
     14440       1138      72284         68          0          0   ROM Totals

==============================================================================

    Total RO  Size (Code + RO Data)                86724 (  84.69kB)
    Total RW  Size (RW Data + ZI Data)             41296 (  40.33kB)
    Total ROM Size (Code + RO Data + RW Data)      86792 (  84.76kB)

==============================================================================

